Component: ARM Compiler 6.16 Tool: armlink [5dfeaa00]

==============================================================================

Section Cross References

    startup_stm32f103xe.o(STACK) refers (Special) to heapauxi.o(.text) for __use_two_region_memory
    startup_stm32f103xe.o(HEAP) refers (Special) to heapauxi.o(.text) for __use_two_region_memory
    startup_stm32f103xe.o(RESET) refers (Special) to heapauxi.o(.text) for __use_two_region_memory
    startup_stm32f103xe.o(RESET) refers to startup_stm32f103xe.o(STACK) for __initial_sp
    startup_stm32f103xe.o(RESET) refers to startup_stm32f103xe.o(.text) for Reset_Handler
    startup_stm32f103xe.o(RESET) refers to stm32f1xx_it.o(.text.NMI_Handler) for NMI_Handler
    startup_stm32f103xe.o(RESET) refers to stm32f1xx_it.o(.text.HardFault_Handler) for HardFault_Handler
    startup_stm32f103xe.o(RESET) refers to stm32f1xx_it.o(.text.MemManage_Handler) for MemManage_Handler
    startup_stm32f103xe.o(RESET) refers to stm32f1xx_it.o(.text.BusFault_Handler) for BusFault_Handler
    startup_stm32f103xe.o(RESET) refers to stm32f1xx_it.o(.text.UsageFault_Handler) for UsageFault_Handler
    startup_stm32f103xe.o(RESET) refers to stm32f1xx_it.o(.text.SVC_Handler) for SVC_Handler
    startup_stm32f103xe.o(RESET) refers to stm32f1xx_it.o(.text.DebugMon_Handler) for DebugMon_Handler
    startup_stm32f103xe.o(RESET) refers to stm32f1xx_it.o(.text.PendSV_Handler) for PendSV_Handler
    startup_stm32f103xe.o(RESET) refers to stm32f1xx_it.o(.text.SysTick_Handler) for SysTick_Handler
    startup_stm32f103xe.o(RESET) refers to stm32f1xx_it.o(.text.TIM6_IRQHandler) for TIM6_IRQHandler
    startup_stm32f103xe.o(.text) refers (Special) to heapauxi.o(.text) for __use_two_region_memory
    startup_stm32f103xe.o(.text) refers to system_stm32f1xx.o(.text.SystemInit) for SystemInit
    startup_stm32f103xe.o(.text) refers to __main.o(!!!main) for __main
    startup_stm32f103xe.o(.text) refers to startup_stm32f103xe.o(HEAP) for Heap_Mem
    startup_stm32f103xe.o(.text) refers to startup_stm32f103xe.o(STACK) for Stack_Mem
    main.o(.text.main) refers to stm32f1xx_hal.o(.text.HAL_Init) for HAL_Init
    main.o(.text.main) refers to stm32f1xx_hal_rcc.o(.text.HAL_RCC_OscConfig) for HAL_RCC_OscConfig
    main.o(.text.main) refers to stm32f1xx_hal_rcc.o(.text.HAL_RCC_ClockConfig) for HAL_RCC_ClockConfig
    main.o(.text.main) refers to gpio.o(.text.MX_GPIO_Init) for MX_GPIO_Init
    main.o(.text.main) refers to tim.o(.text.MX_TIM1_Init) for MX_TIM1_Init
    main.o(.text.main) refers to tim.o(.text.MX_TIM2_Init) for MX_TIM2_Init
    main.o(.text.main) refers to tim.o(.text.MX_TIM3_Init) for MX_TIM3_Init
    main.o(.text.main) refers to tim.o(.text.MX_TIM4_Init) for MX_TIM4_Init
    main.o(.text.main) refers to tim.o(.text.MX_TIM5_Init) for MX_TIM5_Init
    main.o(.text.main) refers to tim.o(.text.MX_TIM6_Init) for MX_TIM6_Init
    main.o(.text.main) refers to tim.o(.text.MX_TIM8_Init) for MX_TIM8_Init
    main.o(.text.main) refers to bsp.o(.text.BSP_Init) for BSP_Init
    main.o(.text.main) refers to bsp.o(.text.BSP_Loop) for BSP_Loop
    main.o(.ARM.exidx.text.main) refers to main.o(.text.main) for [Anonymous Symbol]
    main.o(.text.SystemClock_Config) refers to stm32f1xx_hal_rcc.o(.text.HAL_RCC_OscConfig) for HAL_RCC_OscConfig
    main.o(.text.SystemClock_Config) refers to stm32f1xx_hal_rcc.o(.text.HAL_RCC_ClockConfig) for HAL_RCC_ClockConfig
    main.o(.ARM.exidx.text.SystemClock_Config) refers to main.o(.text.SystemClock_Config) for [Anonymous Symbol]
    main.o(.ARM.exidx.text.Error_Handler) refers to main.o(.text.Error_Handler) for [Anonymous Symbol]
    main.o(.ARM.exidx.text.assert_failed) refers to main.o(.text.assert_failed) for [Anonymous Symbol]
    gpio.o(.text.MX_GPIO_Init) refers to stm32f1xx_hal_gpio.o(.text.HAL_GPIO_Init) for HAL_GPIO_Init
    gpio.o(.text.MX_GPIO_Init) refers to stm32f1xx_hal_gpio.o(.text.HAL_GPIO_WritePin) for HAL_GPIO_WritePin
    gpio.o(.ARM.exidx.text.MX_GPIO_Init) refers to gpio.o(.text.MX_GPIO_Init) for [Anonymous Symbol]
    tim.o(.text.MX_TIM1_Init) refers to tim.o(.bss.htim1) for htim1
    tim.o(.text.MX_TIM1_Init) refers to stm32f1xx_hal_tim.o(.text.HAL_TIM_Base_Init) for HAL_TIM_Base_Init
    tim.o(.text.MX_TIM1_Init) refers to main.o(.text.Error_Handler) for Error_Handler
    tim.o(.text.MX_TIM1_Init) refers to stm32f1xx_hal_tim.o(.text.HAL_TIM_ConfigClockSource) for HAL_TIM_ConfigClockSource
    tim.o(.text.MX_TIM1_Init) refers to stm32f1xx_hal_tim.o(.text.HAL_TIM_PWM_Init) for HAL_TIM_PWM_Init
    tim.o(.text.MX_TIM1_Init) refers to stm32f1xx_hal_tim_ex.o(.text.HAL_TIMEx_MasterConfigSynchronization) for HAL_TIMEx_MasterConfigSynchronization
    tim.o(.text.MX_TIM1_Init) refers to stm32f1xx_hal_tim.o(.text.HAL_TIM_PWM_ConfigChannel) for HAL_TIM_PWM_ConfigChannel
    tim.o(.text.MX_TIM1_Init) refers to stm32f1xx_hal_tim_ex.o(.text.HAL_TIMEx_ConfigBreakDeadTime) for HAL_TIMEx_ConfigBreakDeadTime
[...]
    ../clib/signal.c                         0x00000000   Number         0  defsig_rtmem_inner.o ABSOLUTE
    ../clib/signal.c                         0x00000000   Number         0  __raise.o ABSOLUTE
    ../clib/signal.c                         0x00000000   Number         0  defsig_general.o ABSOLUTE
    ../clib/signal.c                         0x00000000   Number         0  defsig_abrt_inner.o ABSOLUTE
    ../clib/signal.c                         0x00000000   Number         0  defsig_fpe_inner.o ABSOLUTE
    ../clib/signal.c                         0x00000000   Number         0  defsig_rtred_inner.o ABSOLUTE
    ../clib/signal.c                         0x00000000   Number         0  defsig_stak_inner.o ABSOLUTE
    ../clib/signal.c                         0x00000000   Number         0  defsig_pvfn_inner.o ABSOLUTE
    ../clib/signal.c                         0x00000000   Number         0  defsig_cppl_inner.o ABSOLUTE
    ../clib/signal.c                         0x00000000   Number         0  defsig_segv_inner.o ABSOLUTE
    ../clib/signal.c                         0x00000000   Number         0  defsig_other.o ABSOLUTE
    ../clib/signal.s                         0x00000000   Number         0  defsig.o ABSOLUTE
    ../clib/stdlib.c                         0x00000000   Number         0  exit.o ABSOLUTE
    ../fplib/faddsub.s                       0x00000000   Number         0  faddsub_clz.o ABSOLUTE
    ../fplib/fcmp.s                          0x00000000   Number         0  fcmp.o ABSOLUTE
    ../fplib/fcmpi.s                         0x00000000   Number         0  fcmpi.o ABSOLUTE
    ../fplib/fdiv.s                          0x00000000   Number         0  fdiv.o ABSOLUTE
    ../fplib/feqf.s                          0x00000000   Number         0  feqf.o ABSOLUTE
    ../fplib/ffix.s                          0x00000000   Number         0  ffix.o ABSOLUTE
    ../fplib/fflt.s                          0x00000000   Number         0  fflt_clz.o ABSOLUTE
    ../fplib/fgeqf.s                         0x00000000   Number         0  fgeqf.o ABSOLUTE
    ../fplib/fleqf.s                         0x00000000   Number         0  fleqf.o ABSOLUTE
    ../fplib/fmul.s                          0x00000000   Number         0  fmul.o ABSOLUTE
    ../fplib/fnaninf.s                       0x00000000   Number         0  fnaninf.o ABSOLUTE
    ../fplib/fpinit.s                        0x00000000   Number         0  fpinit.o ABSOLUTE
    ../fplib/fpinit_empty.s                  0x00000000   Number         0  fpinit_empty.o ABSOLUTE
    ../fplib/fretinf.s                       0x00000000   Number         0  fretinf.o ABSOLUTE
    ../fplib/usenofp.s                       0x00000000   Number         0  usenofp.o ABSOLUTE
    app_irtracking.c                         0x00000000   Number         0  app_irtracking.o ABSOLUTE
    app_motor.c                              0x00000000   Number         0  app_motor.o ABSOLUTE
    app_path.c                               0x00000000   Number         0  app_path.o ABSOLUTE
    bsp.c                                    0x00000000   Number         0  bsp.o ABSOLUTE
    bsp_PID_motor.c                          0x00000000   Number         0  bsp_pid_motor.o ABSOLUTE
    bsp_buzzer_led.c                         0x00000000   Number         0  bsp_buzzer_led.o ABSOLUTE
    bsp_encoder.c                            0x00000000   Number         0  bsp_encoder.o ABSOLUTE
    bsp_irtracking.c                         0x00000000   Number         0  bsp_irtracking.o ABSOLUTE
    bsp_motor.c                              0x00000000   Number         0  bsp_motor.o ABSOLUTE
    bsp_tim.c                                0x00000000   Number         0  bsp_tim.o ABSOLUTE
    dc.s                                     0x00000000   Number         0  dc.o ABSOLUTE
    gpio.c                                   0x00000000   Number         0  gpio.o ABSOLUTE
    main.c                                   0x00000000   Number         0  main.o ABSOLUTE
    startup_stm32f103xe.s                    0x00000000   Number         0  startup_stm32f103xe.o ABSOLUTE
    stm32f1xx_hal.c                          0x00000000   Number         0  stm32f1xx_hal.o ABSOLUTE
    stm32f1xx_hal_cortex.c                   0x00000000   Number         0  stm32f1xx_hal_cortex.o ABSOLUTE
    stm32f1xx_hal_dma.c                      0x00000000   Number         0  stm32f1xx_hal_dma.o ABSOLUTE
    stm32f1xx_hal_exti.c                     0x00000000   Number         0  stm32f1xx_hal_exti.o ABSOLUTE
    stm32f1xx_hal_flash.c                    0x00000000   Number         0  stm32f1xx_hal_flash.o ABSOLUTE
    stm32f1xx_hal_flash_ex.c                 0x00000000   Number         0  stm32f1xx_hal_flash_ex.o ABSOLUTE
    stm32f1xx_hal_gpio.c                     0x00000000   Number         0  stm32f1xx_hal_gpio.o ABSOLUTE
    stm32f1xx_hal_gpio_ex.c                  0x00000000   Number         0  stm32f1xx_hal_gpio_ex.o ABSOLUTE
    stm32f1xx_hal_msp.c                      0x00000000   Number         0  stm32f1xx_hal_msp.o ABSOLUTE
    stm32f1xx_hal_pwr.c                      0x00000000   Number         0  stm32f1xx_hal_pwr.o ABSOLUTE
    stm32f1xx_hal_rcc.c                      0x00000000   Number         0  stm32f1xx_hal_rcc.o ABSOLUTE
    stm32f1xx_hal_rcc_ex.c                   0x00000000   Number         0  stm32f1xx_hal_rcc_ex.o ABSOLUTE
    stm32f1xx_hal_tim.c                      0x00000000   Number         0  stm32f1xx_hal_tim.o ABSOLUTE
    stm32f1xx_hal_tim_ex.c                   0x00000000   Number         0  stm32f1xx_hal_tim_ex.o ABSOLUTE
    stm32f1xx_it.c                           0x00000000   Number         0  stm32f1xx_it.o ABSOLUTE
    system_stm32f1xx.c                       0x00000000   Number         0  system_stm32f1xx.o ABSOLUTE
    tim.c                                    0x00000000   Number         0  tim.o ABSOLUTE
    RESET                                    0x08000000   Section      304  startup_stm32f103xe.o(RESET)
    !!!main                                  0x08000130   Section        8  __main.o(!!!main)
    !!!scatter                               0x08000138   Section       52  __scatter.o(!!!scatter)
    !!handler_copy                           0x0800016c   Section       26  __scatter_copy.o(!!handler_copy)
    !!handler_zi                             0x08000188   Section       28  __scatter_zi.o(!!handler_zi)
    .ARM.Collect$$libinit$$00000000          0x080001a4   Section        2  libinit.o(.ARM.Collect$$libinit$$00000000)
    .ARM.Collect$$libinit$$00000002          0x080001a6   Section        0  libinit2.o(.ARM.Collect$$libinit$$00000002)
    .ARM.Collect$$libinit$$00000004          0x080001a6   Section        0  libinit2.o(.ARM.Collect$$libinit$$00000004)
    .ARM.Collect$$libinit$$0000000A          0x080001a6   Section        0  libinit2.o(.ARM.Collect$$libinit$$0000000A)
    .ARM.Collect$$libinit$$0000000C          0x080001a6   Section        0  libinit2.o(.ARM.Collect$$libinit$$0000000C)
    .ARM.Collect$$libinit$$0000000E          0x080001a6   Section        0  libinit2.o(.ARM.Collect$$libinit$$0000000E)
    .ARM.Collect$$libinit$$00000011          0x080001a6   Section        0  libinit2.o(.ARM.Collect$$libinit$$00000011)
    .ARM.Collect$$libinit$$00000013          0x080001a6   Section        0  libinit2.o(.ARM.Collect$$libinit$$00000013)
    .ARM.Collect$$libinit$$00000015          0x080001a6   Section        0  libinit2.o(.ARM.Collect$$libinit$$00000015)
    .ARM.Collect$$libinit$$00000017          0x080001a6   Section        0  libinit2.o(.ARM.Collect$$libinit$$00000017)
    .ARM.Collect$$libinit$$00000019          0x080001a6   Section        0  libinit2.o(.ARM.Collect$$libinit$$00000019)
    .ARM.Collect$$libinit$$0000001B          0x080001a6   Section        0  libinit2.o(.ARM.Collect$$libinit$$0000001B)
    .ARM.Collect$$libinit$$0000001D          0x080001a6   Section        0  libinit2.o(.ARM.Collect$$libinit$$0000001D)
    .ARM.Collect$$libinit$$0000001F          0x080001a6   Section        0  libinit2.o(.ARM.Collect$$libinit$$0000001F)
    .ARM.Collect$$libinit$$00000021          0x080001a6   Section        0  libinit2.o(.ARM.Collect$$libinit$$00000021)
    .ARM.Collect$$libinit$$00000023          0x080001a6   Section        0  libinit2.o(.ARM.Collect$$libinit$$00000023)
    .ARM.Collect$$libinit$$00000025          0x080001a6   Section        0  libinit2.o(.ARM.Collect$$libinit$$00000025)
    .ARM.Collect$$libinit$$0000002C          0x080001a6   Section        0  libinit2.o(.ARM.Collect$$libinit$$0000002C)
    .ARM.Collect$$libinit$$0000002E          0x080001a6   Section        0  libinit2.o(.ARM.Collect$$libinit$$0000002E)
    .ARM.Collect$$libinit$$00000030          0x080001a6   Section        0  libinit2.o(.ARM.Collect$$libinit$$00000030)
    .ARM.Collect$$libinit$$00000032          0x080001a6   Section        0  libinit2.o(.ARM.Collect$$libinit$$00000032)
    .ARM.Collect$$libinit$$00000033          0x080001a6   Section        2  libinit2.o(.ARM.Collect$$libinit$$00000033)
    .ARM.Collect$$libshutdown$$00000000      0x080001a8   Section        2  libshutdown.o(.ARM.Collect$$libshutdown$$00000000)
    .ARM.Collect$$libshutdown$$00000002      0x080001aa   Section        0  libshutdown2.o(.ARM.Collect$$libshutdown$$00000002)
    .ARM.Collect$$libshutdown$$00000004      0x080001aa   Section        0  libshutdown2.o(.ARM.Collect$$libshutdown$$00000004)
    .ARM.Collect$$libshutdown$$00000007      0x080001aa   Section        0  libshutdown2.o(.ARM.Collect$$libshutdown$$00000007)
    .ARM.Collect$$libshutdown$$0000000A      0x080001aa   Section        0  libshutdown2.o(.ARM.Collect$$libshutdown$$0000000A)
    .ARM.Collect$$libshutdown$$0000000C      0x080001aa   Section        0  libshutdown2.o(.ARM.Collect$$libshutdown$$0000000C)
    .ARM.Collect$$libshutdown$$0000000F      0x080001aa   Section        0  libshutdown2.o(.ARM.Collect$$libshutdown$$0000000F)
    .ARM.Collect$$libshutdown$$00000010      0x080001aa   Section        2  libshutdown2.o(.ARM.Collect$$libshutdown$$00000010)
    .ARM.Collect$$rtentry$$00000000          0x080001ac   Section        0  __rtentry.o(.ARM.Collect$$rtentry$$00000000)
    .ARM.Collect$$rtentry$$00000002          0x080001ac   Section        0  __rtentry2.o(.ARM.Collect$$rtentry$$00000002)
    .ARM.Collect$$rtentry$$00000004          0x080001ac   Section        6  __rtentry4.o(.ARM.Collect$$rtentry$$00000004)
    .ARM.Collect$$rtentry$$00000009          0x080001b2   Section        0  __rtentry2.o(.ARM.Collect$$rtentry$$00000009)
    .ARM.Collect$$rtentry$$0000000A          0x080001b2   Section        4  __rtentry2.o(.ARM.Collect$$rtentry$$0000000A)
    .ARM.Collect$$rtentry$$0000000C          0x080001b6   Section        0  __rtentry2.o(.ARM.Collect$$rtentry$$0000000C)
    .ARM.Collect$$rtentry$$0000000D          0x080001b6   Section        8  __rtentry2.o(.ARM.Collect$$rtentry$$0000000D)
    .ARM.Collect$$rtexit$$00000000           0x080001be   Section        2  rtexit.o(.ARM.Collect$$rtexit$$00000000)
    .ARM.Collect$$rtexit$$00000002           0x080001c0   Section        0  rtexit2.o(.ARM.Collect$$rtexit$$00000002)
    .ARM.Collect$$rtexit$$00000003           0x080001c0   Section        4  rtexit2.o(.ARM.Collect$$rtexit$$00000003)
    .ARM.Collect$$rtexit$$00000004           0x080001c4   Section        6  rtexit2.o(.ARM.Collect$$rtexit$$00000004)
    .text                                    0x080001cc   Section       64  startup_stm32f103xe.o(.text)
    .text                                    0x0800020c   Section        0  heapauxi.o(.text)
    .text                                    0x08000212   Section       74  sys_stackheap_outer.o(.text)
    .text                                    0x0800025c   Section        0  exit.o(.text)
    .text                                    0x08000270   Section        8  libspace.o(.text)
    .text                                    0x08000278   Section        0  sys_exit.o(.text)
    .text                                    0x08000284   Section        2  use_no_semi.o(.text)
    .text                                    0x08000286   Section        0  indicate_semi.o(.text)
    [Anonymous Symbol]                       0x08000288   Section        0  app_path.o(.text.APP_Check_Button)
    [Anonymous Symbol]                       0x080003a0   Section        0  app_path.o(.text.APP_Check_Points)
    [Anonymous Symbol]                       0x08000498   Section        0  app_path.o(.text.APP_Path_Init)
    [Anonymous Symbol]                       0x080004cc   Section        0  app_path.o(.text.APP_Path_Loop)
    [Anonymous Symbol]                       0x08000528   Section        0  app_path.o(.text.APP_Task1_Process)
    [Anonymous Symbol]                       0x080005a8   Section        0  app_path.o(.text.APP_Task2_Process)
    [Anonymous Symbol]                       0x08000654   Section        0  app_path.o(.text.APP_Task3_Process)
    [Anonymous Symbol]                       0x08000704   Section        0  app_path.o(.text.APP_Task4_Process)
    [Anonymous Symbol]                       0x080007e4   Section        0  bsp_buzzer_led.o(.text.BSP_Buzzer_Beep)
    [Anonymous Symbol]                       0x0800084c   Section        0  bsp.o(.text.BSP_Init)
    [Anonymous Symbol]                       0x0800086c   Section        0  bsp_buzzer_led.o(.text.BSP_LED_Init)
    [Anonymous Symbol]                       0x080008bc   Section        0  bsp_buzzer_led.o(.text.BSP_LED_Set_Color)
    [Anonymous Symbol]                       0x08000940   Section        0  bsp.o(.text.BSP_Loop)
    [Anonymous Symbol]                       0x08000950   Section        0  bsp_buzzer_led.o(.text.BSP_Notify_Point)
    [Anonymous Symbol]                       0x08000a48   Section        0  bsp_tim.o(.text.Bsp_Tim_Init)
    [Anonymous Symbol]                       0x08000afc   Section        0  stm32f1xx_it.o(.text.BusFault_Handler)
    [Anonymous Symbol]                       0x08000b00   Section        0  stm32f1xx_it.o(.text.DebugMon_Handler)
    [Anonymous Symbol]                       0x08000b04   Section        0  bsp_encoder.o(.text.Encoder_Get_ALL)
    [Anonymous Symbol]                       0x08000b20   Section        0  bsp_encoder.o(.text.Encoder_Update_Count)
    [Anonymous Symbol]                       0x08000b90   Section        0  main.o(.text.Error_Handler)
    [Anonymous Symbol]                       0x08000b9c   Section        0  stm32f1xx_hal.o(.text.HAL_Delay)
    [Anonymous Symbol]                       0x08000bc4   Section        0  stm32f1xx_hal_gpio.o(.text.HAL_GPIO_Init)
    [Anonymous Symbol]                       0x08000f00   Section        0  stm32f1xx_hal_gpio.o(.text.HAL_GPIO_ReadPin)
    [Anonymous Symbol]                       0x08000f24   Section        0  stm32f1xx_hal_gpio.o(.text.HAL_GPIO_TogglePin)
    [Anonymous Symbol]                       0x08000f50   Section        0  stm32f1xx_hal_gpio.o(.text.HAL_GPIO_WritePin)
    [Anonymous Symbol]                       0x08000f94   Section        0  stm32f1xx_hal.o(.text.HAL_GetTick)
    [Anonymous Symbol]                       0x08000fa0   Section        0  stm32f1xx_hal.o(.text.HAL_IncTick)
    [Anonymous Symbol]                       0x08000fbc   Section        0  stm32f1xx_hal.o(.text.HAL_Init)
    [Anonymous Symbol]                       0x08000fe4   Section        0  stm32f1xx_hal.o(.text.HAL_InitTick)
    [Anonymous Symbol]                       0x0800102c   Section        0  stm32f1xx_hal_msp.o(.text.HAL_MspInit)
    [Anonymous Symbol]                       0x08001078   Section        0  stm32f1xx_hal_cortex.o(.text.HAL_NVIC_EnableIRQ)
    [Anonymous Symbol]                       0x080010b0   Section        0  stm32f1xx_hal_cortex.o(.text.HAL_NVIC_SetPriority)
    [Anonymous Symbol]                       0x08001130   Section        0  stm32f1xx_hal_cortex.o(.text.HAL_NVIC_SetPriorityGrouping)
    [Anonymous Symbol]                       0x08001168   Section        0  stm32f1xx_hal_rcc.o(.text.HAL_RCC_ClockConfig)
    [Anonymous Symbol]                       0x080013ec   Section        0  stm32f1xx_hal_rcc.o(.text.HAL_RCC_OscConfig)
    [Anonymous Symbol]                       0x080018fc   Section        0  stm32f1xx_hal_cortex.o(.text.HAL_SYSTICK_Config)
    [Anonymous Symbol]                       0x08001928   Section        0  stm32f1xx_hal_tim_ex.o(.text.HAL_TIMEx_BreakCallback)
    [Anonymous Symbol]                       0x0800192c   Section        0  stm32f1xx_hal_tim_ex.o(.text.HAL_TIMEx_CommutCallback)
    [Anonymous Symbol]                       0x08001930   Section        0  stm32f1xx_hal_tim_ex.o(.text.HAL_TIMEx_ConfigBreakDeadTime)
    [Anonymous Symbol]                       0x08001ab4   Section        0  stm32f1xx_hal_tim_ex.o(.text.HAL_TIMEx_MasterConfigSynchronization)
    [Anonymous Symbol]                       0x08001c20   Section        0  stm32f1xx_hal_tim.o(.text.HAL_TIM_Base_Init)
    [Anonymous Symbol]                       0x08001e68   Section        0  tim.o(.text.HAL_TIM_Base_MspInit)
    [Anonymous Symbol]                       0x08001f00   Section        0  stm32f1xx_hal_tim.o(.text.HAL_TIM_Base_Start_IT)
    [Anonymous Symbol]                       0x08002028   Section        0  stm32f1xx_hal_tim.o(.text.HAL_TIM_ConfigClockSource)
    [Anonymous Symbol]                       0x08002640   Section        0  stm32f1xx_hal_tim.o(.text.HAL_TIM_Encoder_Init)
    [Anonymous Symbol]                       0x08002a00   Section        0  tim.o(.text.HAL_TIM_Encoder_MspInit)
    [Anonymous Symbol]                       0x08002bd8   Section        0  stm32f1xx_hal_tim.o(.text.HAL_TIM_Encoder_Start)
    [Anonymous Symbol]                       0x08002e3c   Section        0  stm32f1xx_hal_tim.o(.text.HAL_TIM_IC_CaptureCallback)
    [Anonymous Symbol]                       0x08002e40   Section        0  stm32f1xx_hal_tim.o(.text.HAL_TIM_IRQHandler)
    [Anonymous Symbol]                       0x08002fb0   Section        0  stm32f1xx_hal_tim.o(.text.HAL_TIM_OC_DelayElapsedCallback)
    [Anonymous Symbol]                       0x08002fb4   Section        0  stm32f1xx_hal_tim.o(.text.HAL_TIM_PWM_ConfigChannel)
    [Anonymous Symbol]                       0x08003300   Section        0  stm32f1xx_hal_tim.o(.text.HAL_TIM_PWM_Init)
    [Anonymous Symbol]                       0x08003548   Section        0  stm32f1xx_hal_tim.o(.text.HAL_TIM_PWM_MspInit)
    [Anonymous Symbol]                       0x0800354c   Section        0  stm32f1xx_hal_tim.o(.text.HAL_TIM_PWM_PulseFinishedCallback)
    [Anonymous Symbol]                       0x08003550   Section        0  stm32f1xx_hal_tim.o(.text.HAL_TIM_PWM_Start)
    [Anonymous Symbol]                       0x08003740   Section        0  bsp_tim.o(.text.HAL_TIM_PeriodElapsedCallback)
    [Anonymous Symbol]                       0x08003760   Section        0  stm32f1xx_hal_tim.o(.text.HAL_TIM_TriggerCallback)
    [Anonymous Symbol]                       0x08003764   Section        0  stm32f1xx_it.o(.text.HardFault_Handler)
    [Anonymous Symbol]                       0x08003768   Section        0  gpio.o(.text.MX_GPIO_Init)
    [Anonymous Symbol]                       0x08003898   Section        0  tim.o(.text.MX_TIM1_Init)
    [Anonymous Symbol]                       0x08003a80   Section        0  tim.o(.text.MX_TIM2_Init)
    [Anonymous Symbol]                       0x08003ae8   Section        0  tim.o(.text.MX_TIM3_Init)
    [Anonymous Symbol]                       0x08003b54   Section        0  tim.o(.text.MX_TIM4_Init)
    [Anonymous Symbol]                       0x08003bc0   Section        0  tim.o(.text.MX_TIM5_Init)
    [Anonymous Symbol]                       0x08003c2c   Section        0  tim.o(.text.MX_TIM6_Init)
    [Anonymous Symbol]                       0x08003c80   Section        0  tim.o(.text.MX_TIM8_Init)
    [Anonymous Symbol]                       0x08003e68   Section        0  stm32f1xx_it.o(.text.MemManage_Handler)
    [Anonymous Symbol]                       0x08003e6c   Section        0  app_motor.o(.text.Motion_Get_Speed)
    [Anonymous Symbol]                       0x08003fc0   Section        0  app_motor.o(.text.Motion_Handle)
    [Anonymous Symbol]                       0x0800407c   Section        0  app_motor.o(.text.Motion_Set_Speed)
    [Anonymous Symbol]                       0x080040dc   Section        0  app_motor.o(.text.Motion_Stop)
    [Anonymous Symbol]                       0x0800413c   Section        0  bsp_motor.o(.text.Motor_Set_Pwm)
    [Anonymous Symbol]                       0x08004204   Section        0  bsp_motor.o(.text.Motor_Stop)
    [Anonymous Symbol]                       0x08004230   Section        0  stm32f1xx_it.o(.text.NMI_Handler)
    [Anonymous Symbol]                       0x08004234   Section        0  bsp_pid_motor.o(.text.PID_Calc_Motor)
    [Anonymous Symbol]                       0x08004270   Section        0  bsp_pid_motor.o(.text.PID_Clear_Motor)
    [Anonymous Symbol]                       0x080042d0   Section        0  bsp_pid_motor.o(.text.PID_Incre_Calc)
    [Anonymous Symbol]                       0x08004370   Section        0  bsp_pid_motor.o(.text.PID_Param_Init)
    [Anonymous Symbol]                       0x08004404   Section        0  bsp_pid_motor.o(.text.PID_Set_Motor_Target)
    [Anonymous Symbol]                       0x08004434   Section        0  stm32f1xx_it.o(.text.PendSV_Handler)
    [Anonymous Symbol]                       0x08004438   Section        0  stm32f1xx_it.o(.text.SVC_Handler)
    [Anonymous Symbol]                       0x0800443c   Section        0  stm32f1xx_it.o(.text.SysTick_Handler)
    [Anonymous Symbol]                       0x08004440   Section        0  system_stm32f1xx.o(.text.SystemInit)
    [Anonymous Symbol]                       0x08004444   Section        0  stm32f1xx_it.o(.text.TIM6_IRQHandler)
    TIM_OC1_SetConfig                        0x08004451   Thumb Code   220  stm32f1xx_hal_tim.o(.text.TIM_OC1_SetConfig)
    [Anonymous Symbol]                       0x08004450   Section        0  stm32f1xx_hal_tim.o(.text.TIM_OC1_SetConfig)
    [Anonymous Symbol]                       0x0800452c   Section        0  stm32f1xx_hal_tim.o(.text.TIM_OC2_SetConfig)
    TIM_OC3_SetConfig                        0x08004611   Thumb Code   228  stm32f1xx_hal_tim.o(.text.TIM_OC3_SetConfig)
    [Anonymous Symbol]                       0x08004610   Section        0  stm32f1xx_hal_tim.o(.text.TIM_OC3_SetConfig)
    [Anonymous Symbol]                       0x080046f4   Section        0  stm32f1xx_it.o(.text.UsageFault_Handler)
    [Anonymous Symbol]                       0x080046f8   Section        0  main.o(.text.assert_failed)
    [Anonymous Symbol]                       0x080046fc   Section        0  app_irtracking.o(.text.car_arc_tracking)
    [Anonymous Symbol]                       0x0800480c   Section        0  app_irtracking.o(.text.car_irtrack)
    [Anonymous Symbol]                       0x08004924   Section        0  main.o(.text.main)
    [Anonymous Symbol]                       0x080049bc   Section        0  app_irtracking.o(.text.set_line_speed)
    x$fpl$fadd                               0x080049d4   Section      196  faddsub_clz.o(x$fpl$fadd)
    _fadd1                                   0x080049e3   Thumb Code     0  faddsub_clz.o(x$fpl$fadd)
    x$fpl$fcmp                               0x08004a98   Section       84  fcmp.o(x$fpl$fcmp)
    x$fpl$fcmpinf                            0x08004aec   Section       24  fcmpi.o(x$fpl$fcmpinf)
    _fdiv1                                   0x08004b05   Thumb Code     0  fdiv.o(x$fpl$fdiv)
    x$fpl$fdiv                               0x08004b04   Section      388  fdiv.o(x$fpl$fdiv)
    x$fpl$feqf                               0x08004c88   Section      104  feqf.o(x$fpl$feqf)
    x$fpl$ffix                               0x08004cf0   Section       54  ffix.o(x$fpl$ffix)
    x$fpl$fflt                               0x08004d28   Section       48  fflt_clz.o(x$fpl$fflt)
    x$fpl$fgeqf                              0x08004d58   Section      104  fgeqf.o(x$fpl$fgeqf)
    x$fpl$fleqf                              0x08004dc0   Section      104  fleqf.o(x$fpl$fleqf)
    x$fpl$fmul                               0x08004e28   Section      258  fmul.o(x$fpl$fmul)
    x$fpl$fnaninf                            0x08004f2a   Section      140  fnaninf.o(x$fpl$fnaninf)
    x$fpl$fretinf                            0x08004fb6   Section       10  fretinf.o(x$fpl$fretinf)
    x$fpl$fsub                               0x08004fc0   Section      234  faddsub_clz.o(x$fpl$fsub)
    _fsub1                                   0x08004fcf   Thumb Code     0  faddsub_clz.o(x$fpl$fsub)
    x$fpl$usenofp                            0x080050aa   Section        0  usenofp.o(x$fpl$usenofp)
    HAL_RCC_GetSysClockFreq.aPredivFactorTable 0x080050ba   Data           2  stm32f1xx_hal_rcc.o(.rodata.HAL_RCC_GetSysClockFreq.aPredivFactorTable)
    [Anonymous Symbol]                       0x080050ba   Section        0  stm32f1xx_hal_rcc.o(.rodata.HAL_RCC_GetSysClockFreq.aPredivFactorTable)
    HAL_RCC_GetSysClockFreq.aPLLMULFactorTable 0x080050bc   Data          16  stm32f1xx_hal_rcc.o(.rodata.cst16)
    [Anonymous Symbol]                       0x080050bc   Section        0  stm32f1xx_hal_rcc.o(.rodata.cst16)
    .L.str                                   0x080050cc   Data          56  stm32f1xx_hal_tim.o(.rodata.str1.1)
    [Anonymous Symbol]                       0x080050cc   Section        0  stm32f1xx_hal_tim.o(.rodata.str1.1)
    .L.str                                   0x08005104   Data          59  stm32f1xx_hal_tim_ex.o(.rodata.str1.1)
    [Anonymous Symbol]                       0x08005104   Section        0  stm32f1xx_hal_tim_ex.o(.rodata.str1.1)
    .L.str                                   0x0800513f   Data          56  stm32f1xx_hal_rcc.o(.rodata.str1.1)
    [Anonymous Symbol]                       0x0800513f   Section        0  stm32f1xx_hal_rcc.o(.rodata.str1.1)
    .L.str                                   0x08005177   Data          57  stm32f1xx_hal_gpio.o(.rodata.str1.1)
    [Anonymous Symbol]                       0x08005177   Section        0  stm32f1xx_hal_gpio.o(.rodata.str1.1)
    .L.str                                   0x080051b0   Data          59  stm32f1xx_hal_cortex.o(.rodata.str1.1)
    [Anonymous Symbol]                       0x080051b0   Section        0  stm32f1xx_hal_cortex.o(.rodata.str1.1)
    .L_MergedGlobals                         0x20000000   Data           8  stm32f1xx_hal.o(.data..L_MergedGlobals)
    [Anonymous Symbol]                       0x20000000   Section        0  stm32f1xx_hal.o(.data..L_MergedGlobals)
    current_point                            0x2000000c   Data           1  app_path.o(.data.current_point)
    [Anonymous Symbol]                       0x2000000c   Section        0  app_path.o(.data.current_point)
    .bss                                     0x20000030   Section       96  libspace.o(.bss)
    .L_MergedGlobals                         0x20000090   Data         116  app_motor.o(.bss..L_MergedGlobals)
    [Anonymous Symbol]                       0x20000090   Section        0  app_motor.o(.bss..L_MergedGlobals)
    g_speed_setup                            0x20000092   Data           2  app_motor.o(.bss..L_MergedGlobals)
    speed_L1_setup                           0x20000094   Data           4  app_motor.o(.bss..L_MergedGlobals)
    speed_L2_setup                           0x20000098   Data           4  app_motor.o(.bss..L_MergedGlobals)
    speed_R1_setup                           0x2000009c   Data           4  app_motor.o(.bss..L_MergedGlobals)
    speed_R2_setup                           0x200000a0   Data           4  app_motor.o(.bss..L_MergedGlobals)
    .L_MergedGlobals                         0x20000104   Data          16  bsp_encoder.o(.bss..L_MergedGlobals)
    [Anonymous Symbol]                       0x20000104   Section        0  bsp_encoder.o(.bss..L_MergedGlobals)
    .L_MergedGlobals                         0x20000114   Data          12  app_path.o(.bss..L_MergedGlobals)
    current_mode                             0x20000114   Data           1  app_path.o(.bss..L_MergedGlobals)
    [Anonymous Symbol]                       0x20000114   Section        0  app_path.o(.bss..L_MergedGlobals)
    current_arc                              0x20000115   Data           1  app_path.o(.bss..L_MergedGlobals)
    task4_lap_count                          0x20000116   Data           1  app_path.o(.bss..L_MergedGlobals)
    task_completed                           0x20000117   Data           1  app_path.o(.bss..L_MergedGlobals)
    APP_Check_Button.last_key_time           0x20000118   Data           4  app_path.o(.bss..L_MergedGlobals)
    task_start_time                          0x2000011c   Data           4  app_path.o(.bss..L_MergedGlobals)
    .L_MergedGlobals                         0x20000120   Data          12  bsp_buzzer_led.o(.bss..L_MergedGlobals)
    BSP_Buzzer_Beep.beep_active              0x20000120   Data           1  bsp_buzzer_led.o(.bss..L_MergedGlobals)
    [Anonymous Symbol]                       0x20000120   Section        0  bsp_buzzer_led.o(.bss..L_MergedGlobals)
    BSP_Notify_Point.toggle_count            0x20000121   Data           1  bsp_buzzer_led.o(.bss..L_MergedGlobals)
    BSP_Buzzer_Beep.beep_start_time          0x20000124   Data           4  bsp_buzzer_led.o(.bss..L_MergedGlobals)
    BSP_Notify_Point.last_toggle_time        0x20000128   Data           4  bsp_buzzer_led.o(.bss..L_MergedGlobals)
    Heap_Mem                                 0x200003d0   Data         512  startup_stm32f103xe.o(HEAP)
    HEAP                                     0x200003d0   Section      512  startup_stm32f103xe.o(HEAP)
    Stack_Mem                                0x200005d0   Data        1024  startup_stm32f103xe.o(STACK)
    STACK                                    0x200005d0   Section     1024  startup_stm32f103xe.o(STACK)
    __initial_sp                             0x200009d0   Data           0  startup_stm32f103xe.o(STACK)

    Global Symbols

    Symbol Name                              Value     Ov Type        Size  Object(Section)

    BuildAttributes$$THM_ISAv4$P$D$K$B$S$PE$A:L22UL41UL21$X:L11$S22US41US21$IEEE1$IW$~IW$USESV6$~STKCKD$USESV7$~SHL$OTIME$ROPI$EBA8$UX$STANDARDLIB$REQ8$PRES8$EABIv2 0x00000000   Number         0  anon$$obj.o ABSOLUTE
    __fp_init_empty                          0x00000000   Number         0  fpinit_empty.o ABSOLUTE
    __ARM_exceptions_init                     - Undefined Weak Reference
    __alloca_initialize                       - Undefined Weak Reference
    __arm_preinit_                            - Undefined Weak Reference
    __cpp_initialize__aeabi_                  - Undefined Weak Reference
    __cxa_finalize                            - Undefined Weak Reference
    __rt_locale                               - Undefined Weak Reference
    __sigvec_lookup                           - Undefined Weak Reference
    _atexit_init                              - Undefined Weak Reference
    _call_atexit_fns                          - Undefined Weak Reference
    _clock_init                               - Undefined Weak Reference
    _fp_trap_init                             - Undefined Weak Reference
    _fp_trap_shutdown                         - Undefined Weak Reference
    _get_lc_collate                           - Undefined Weak Reference
    _get_lc_ctype                             - Undefined Weak Reference
    _get_lc_monetary                          - Undefined Weak Reference
    _get_lc_numeric                           - Undefined Weak Reference
    _get_lc_time                              - Undefined Weak Reference
    _getenv_init                              - Undefined Weak Reference
    _handle_redirection                       - Undefined Weak Reference
    _init_alloc                               - Undefined Weak Reference
    _init_user_alloc                          - Undefined Weak Reference
    _initio                                   - Undefined Weak Reference
    _rand_init                                - Undefined Weak Reference
    _signal_finish                            - Undefined Weak Reference
    _signal_init                              - Undefined Weak Reference
    _terminate_alloc                          - Undefined Weak Reference
    _terminate_user_alloc                     - Undefined Weak Reference
    _terminateio                              - Undefined Weak Reference
    __Vectors_Size                           0x00000130   Number         0  startup_stm32f103xe.o ABSOLUTE
    __Vectors                                0x08000000   Data           4  startup_stm32f103xe.o(RESET)
    __Vectors_End                            0x08000130   Data           0  startup_stm32f103xe.o(RESET)
    __main                                   0x08000131   Thumb Code     8  __main.o(!!!main)
    __scatterload                            0x08000139   Thumb Code     0  __scatter.o(!!!scatter)
    __scatterload_rt2                        0x08000139   Thumb Code    44  __scatter.o(!!!scatter)
    __scatterload_rt2_thumb_only             0x08000139   Thumb Code     0  __scatter.o(!!!scatter)
    __scatterload_null                       0x08000147   Thumb Code     0  __scatter.o(!!!scatter)
    __scatterload_copy                       0x0800016d   Thumb Code    26  __scatter_copy.o(!!handler_copy)
    __scatterload_zeroinit                   0x08000189   Thumb Code    28  __scatter_zi.o(!!handler_zi)
    __rt_lib_init                            0x080001a5   Thumb Code     0  libinit.o(.ARM.Collect$$libinit$$00000000)
    __rt_lib_init_alloca_1                   0x080001a7   Thumb Code     0  libinit2.o(.ARM.Collect$$libinit$$0000002E)
    __rt_lib_init_argv_1                     0x080001a7   Thumb Code     0  libinit2.o(.ARM.Collect$$libinit$$0000002C)
    __rt_lib_init_atexit_1                   0x080001a7   Thumb Code     0  libinit2.o(.ARM.Collect$$libinit$$0000001B)
    __rt_lib_init_clock_1                    0x080001a7   Thumb Code     0  libinit2.o(.ARM.Collect$$libinit$$00000021)
    __rt_lib_init_cpp_1                      0x080001a7   Thumb Code     0  libinit2.o(.ARM.Collect$$libinit$$00000032)
    __rt_lib_init_exceptions_1               0x080001a7   Thumb Code     0  libinit2.o(.ARM.Collect$$libinit$$00000030)
    __rt_lib_init_fp_1                       0x080001a7   Thumb Code     0  libinit2.o(.ARM.Collect$$libinit$$00000002)
    __rt_lib_init_fp_trap_1                  0x080001a7   Thumb Code     0  libinit2.o(.ARM.Collect$$libinit$$0000001F)
    __rt_lib_init_getenv_1                   0x080001a7   Thumb Code     0  libinit2.o(.ARM.Collect$$libinit$$00000023)
    __rt_lib_init_heap_1                     0x080001a7   Thumb Code     0  libinit2.o(.ARM.Collect$$libinit$$0000000A)
    __rt_lib_init_lc_collate_1               0x080001a7   Thumb Code     0  libinit2.o(.ARM.Collect$$libinit$$00000011)
    __rt_lib_init_lc_ctype_1                 0x080001a7   Thumb Code     0  libinit2.o(.ARM.Collect$$libinit$$00000013)
    __rt_lib_init_lc_monetary_1              0x080001a7   Thumb Code     0  libinit2.o(.ARM.Collect$$libinit$$00000015)
    __rt_lib_init_lc_numeric_1               0x080001a7   Thumb Code     0  libinit2.o(.ARM.Collect$$libinit$$00000017)
    __rt_lib_init_lc_time_1                  0x080001a7   Thumb Code     0  libinit2.o(.ARM.Collect$$libinit$$00000019)
    __rt_lib_init_preinit_1                  0x080001a7   Thumb Code     0  libinit2.o(.ARM.Collect$$libinit$$00000004)
    __rt_lib_init_rand_1                     0x080001a7   Thumb Code     0  libinit2.o(.ARM.Collect$$libinit$$0000000E)
    __rt_lib_init_return                     0x080001a7   Thumb Code     0  libinit2.o(.ARM.Collect$$libinit$$00000033)
    __rt_lib_init_signal_1                   0x080001a7   Thumb Code     0  libinit2.o(.ARM.Collect$$libinit$$0000001D)
    __rt_lib_init_stdio_1                    0x080001a7   Thumb Code     0  libinit2.o(.ARM.Collect$$libinit$$00000025)
    __rt_lib_init_user_alloc_1               0x080001a7   Thumb Code     0  libinit2.o(.ARM.Collect$$libinit$$0000000C)
    __rt_lib_shutdown                        0x080001a9   Thumb Code     0  libshutdown.o(.ARM.Collect$$libshutdown$$00000000)
    __rt_lib_shutdown_cpp_1                  0x080001ab   Thumb Code     0  libshutdown2.o(.ARM.Collect$$libshutdown$$00000002)
    __rt_lib_shutdown_fp_trap_1              0x080001ab   Thumb Code     0  libshutdown2.o(.ARM.Collect$$libshutdown$$00000007)
    __rt_lib_shutdown_heap_1                 0x080001ab   Thumb Code     0  libshutdown2.o(.ARM.Collect$$libshutdown$$0000000F)
    __rt_lib_shutdown_return                 0x080001ab   Thumb Code     0  libshutdown2.o(.ARM.Collect$$libshutdown$$00000010)
    __rt_lib_shutdown_signal_1               0x080001ab   Thumb Code     0  libshutdown2.o(.ARM.Collect$$libshutdown$$0000000A)
    __rt_lib_shutdown_stdio_1                0x080001ab   Thumb Code     0  libshutdown2.o(.ARM.Collect$$libshutdown$$00000004)
    __rt_lib_shutdown_user_alloc_1           0x080001ab   Thumb Code     0  libshutdown2.o(.ARM.Collect$$libshutdown$$0000000C)
    __rt_entry                               0x080001ad   Thumb Code     0  __rtentry.o(.ARM.Collect$$rtentry$$00000000)
    __rt_entry_presh_1                       0x080001ad   Thumb Code     0  __rtentry2.o(.ARM.Collect$$rtentry$$00000002)
    __rt_entry_sh                            0x080001ad   Thumb Code     0  __rtentry4.o(.ARM.Collect$$rtentry$$00000004)
    __rt_entry_li                            0x080001b3   Thumb Code     0  __rtentry2.o(.ARM.Collect$$rtentry$$0000000A)
    __rt_entry_postsh_1                      0x080001b3   Thumb Code     0  __rtentry2.o(.ARM.Collect$$rtentry$$00000009)
    __rt_entry_main                          0x080001b7   Thumb Code     0  __rtentry2.o(.ARM.Collect$$rtentry$$0000000D)
    __rt_entry_postli_1                      0x080001b7   Thumb Code     0  __rtentry2.o(.ARM.Collect$$rtentry$$0000000C)
    __rt_exit                                0x080001bf   Thumb Code     0  rtexit.o(.ARM.Collect$$rtexit$$00000000)
    __rt_exit_ls                             0x080001c1   Thumb Code     0  rtexit2.o(.ARM.Collect$$rtexit$$00000003)
    __rt_exit_prels_1                        0x080001c1   Thumb Code     0  rtexit2.o(.ARM.Collect$$rtexit$$00000002)
    __rt_exit_exit                           0x080001c5   Thumb Code     0  rtexit2.o(.ARM.Collect$$rtexit$$00000004)
    Reset_Handler                            0x080001cd   Thumb Code     8  startup_stm32f103xe.o(.text)
    ADC1_2_IRQHandler                        0x080001e7   Thumb Code     0  startup_stm32f103xe.o(.text)
    ADC3_IRQHandler                          0x080001e7   Thumb Code     0  startup_stm32f103xe.o(.text)
    CAN1_RX1_IRQHandler                      0x080001e7   Thumb Code     0  startup_stm32f103xe.o(.text)
    CAN1_SCE_IRQHandler                      0x080001e7   Thumb Code     0  startup_stm32f103xe.o(.text)
    DMA1_Channel1_IRQHandler                 0x080001e7   Thumb Code     0  startup_stm32f103xe.o(.text)
    DMA1_Channel2_IRQHandler                 0x080001e7   Thumb Code     0  startup_stm32f103xe.o(.text)
    DMA1_Channel3_IRQHandler                 0x080001e7   Thumb Code     0  startup_stm32f103xe.o(.text)
    DMA1_Channel4_IRQHandler                 0x080001e7   Thumb Code     0  startup_stm32f103xe.o(.text)
    DMA1_Channel5_IRQHandler                 0x080001e7   Thumb Code     0  startup_stm32f103xe.o(.text)
    DMA1_Channel6_IRQHandler                 0x080001e7   Thumb Code     0  startup_stm32f103xe.o(.text)
    DMA1_Channel7_IRQHandler                 0x080001e7   Thumb Code     0  startup_stm32f103xe.o(.text)
    DMA2_Channel1_IRQHandler                 0x080001e7   Thumb Code     0  startup_stm32f103xe.o(.text)
    DMA2_Channel2_IRQHandler                 0x080001e7   Thumb Code     0  startup_stm32f103xe.o(.text)
    DMA2_Channel3_IRQHandler                 0x080001e7   Thumb Code     0  startup_stm32f103xe.o(.text)
    DMA2_Channel4_5_IRQHandler               0x080001e7   Thumb Code     0  startup_stm32f103xe.o(.text)
    EXTI0_IRQHandler                         0x080001e7   Thumb Code     0  startup_stm32f103xe.o(.text)
    EXTI15_10_IRQHandler                     0x080001e7   Thumb Code     0  startup_stm32f103xe.o(.text)
    EXTI1_IRQHandler                         0x080001e7   Thumb Code     0  startup_stm32f103xe.o(.text)
    EXTI2_IRQHandler                         0x080001e7   Thumb Code     0  startup_stm32f103xe.o(.text)
    EXTI3_IRQHandler                         0x080001e7   Thumb Code     0  startup_stm32f103xe.o(.text)
    EXTI4_IRQHandler                         0x080001e7   Thumb Code     0  startup_stm32f103xe.o(.text)
    EXTI9_5_IRQHandler                       0x080001e7   Thumb Code     0  startup_stm32f103xe.o(.text)
    FLASH_IRQHandler                         0x080001e7   Thumb Code     0  startup_stm32f103xe.o(.text)
    FSMC_IRQHandler                          0x080001e7   Thumb Code     0  startup_stm32f103xe.o(.text)
    I2C1_ER_IRQHandler                       0x080001e7   Thumb Code     0  startup_stm32f103xe.o(.text)
    I2C1_EV_IRQHandler                       0x080001e7   Thumb Code     0  startup_stm32f103xe.o(.text)
    I2C2_ER_IRQHandler                       0x080001e7   Thumb Code     0  startup_stm32f103xe.o(.text)
    I2C2_EV_IRQHandler                       0x080001e7   Thumb Code     0  startup_stm32f103xe.o(.text)
    PVD_IRQHandler                           0x080001e7   Thumb Code     0  startup_stm32f103xe.o(.text)
    RCC_IRQHandler                           0x080001e7   Thumb Code     0  startup_stm32f103xe.o(.text)
    RTC_Alarm_IRQHandler                     0x080001e7   Thumb Code     0  startup_stm32f103xe.o(.text)
    RTC_IRQHandler                           0x080001e7   Thumb Code     0  startup_stm32f103xe.o(.text)
    SDIO_IRQHandler                          0x080001e7   Thumb Code     0  startup_stm32f103xe.o(.text)
    SPI1_IRQHandler                          0x080001e7   Thumb Code     0  startup_stm32f103xe.o(.text)
    SPI2_IRQHandler                          0x080001e7   Thumb Code     0  startup_stm32f103xe.o(.text)
    SPI3_IRQHandler                          0x080001e7   Thumb Code     0  startup_stm32f103xe.o(.text)
    TAMPER_IRQHandler                        0x080001e7   Thumb Code     0  startup_stm32f103xe.o(.text)
    TIM1_BRK_IRQHandler                      0x080001e7   Thumb Code     0  startup_stm32f103xe.o(.text)
    TIM1_CC_IRQHandler                       0x080001e7   Thumb Code     0  startup_stm32f103xe.o(.text)
    TIM1_TRG_COM_IRQHandler                  0x080001e7   Thumb Code     0  startup_stm32f103xe.o(.text)
    TIM1_UP_IRQHandler                       0x080001e7   Thumb Code     0  startup_stm32f103xe.o(.text)
    TIM2_IRQHandler                          0x080001e7   Thumb Code     0  startup_stm32f103xe.o(.text)
    TIM3_IRQHandler                          0x080001e7   Thumb Code     0  startup_stm32f103xe.o(.text)
    TIM4_IRQHandler                          0x080001e7   Thumb Code     0  startup_stm32f103xe.o(.text)
    TIM5_IRQHandler                          0x080001e7   Thumb Code     0  startup_stm32f103xe.o(.text)
    TIM7_IRQHandler                          0x080001e7   Thumb Code     0  startup_stm32f103xe.o(.text)
    TIM8_BRK_IRQHandler                      0x080001e7   Thumb Code     0  startup_stm32f103xe.o(.text)
    TIM8_CC_IRQHandler                       0x080001e7   Thumb Code     0  startup_stm32f103xe.o(.text)
    TIM8_TRG_COM_IRQHandler                  0x080001e7   Thumb Code     0  startup_stm32f103xe.o(.text)
    TIM8_UP_IRQHandler                       0x080001e7   Thumb Code     0  startup_stm32f103xe.o(.text)
    UART4_IRQHandler                         0x080001e7   Thumb Code     0  startup_stm32f103xe.o(.text)
    UART5_IRQHandler                         0x080001e7   Thumb Code     0  startup_stm32f103xe.o(.text)
    USART1_IRQHandler                        0x080001e7   Thumb Code     0  startup_stm32f103xe.o(.text)
    USART2_IRQHandler                        0x080001e7   Thumb Code     0  startup_stm32f103xe.o(.text)
    USART3_IRQHandler                        0x080001e7   Thumb Code     0  startup_stm32f103xe.o(.text)
    USBWakeUp_IRQHandler                     0x080001e7   Thumb Code     0  startup_stm32f103xe.o(.text)
    USB_HP_CAN1_TX_IRQHandler                0x080001e7   Thumb Code     0  startup_stm32f103xe.o(.text)
    USB_LP_CAN1_RX0_IRQHandler               0x080001e7   Thumb Code     0  startup_stm32f103xe.o(.text)
    WWDG_IRQHandler                          0x080001e7   Thumb Code     0  startup_stm32f103xe.o(.text)
    __user_initial_stackheap                 0x080001e9   Thumb Code     0  startup_stm32f103xe.o(.text)
    __use_two_region_memory                  0x0800020d   Thumb Code     2  heapauxi.o(.text)
    __rt_heap_escrow$2region                 0x0800020f   Thumb Code     2  heapauxi.o(.text)
    __rt_heap_expand$2region                 0x08000211   Thumb Code     2  heapauxi.o(.text)
    __user_setup_stackheap                   0x08000213   Thumb Code    74  sys_stackheap_outer.o(.text)
    exit                                     0x0800025d   Thumb Code    18  exit.o(.text)
    __user_libspace                          0x08000271   Thumb Code     8  libspace.o(.text)
    __user_perproc_libspace                  0x08000271   Thumb Code     0  libspace.o(.text)
    __user_perthread_libspace                0x08000271   Thumb Code     0  libspace.o(.text)
    _sys_exit                                0x08000279   Thumb Code     8  sys_exit.o(.text)
    __I$use$semihosting                      0x08000285   Thumb Code     0  use_no_semi.o(.text)
    __use_no_semihosting_swi                 0x08000285   Thumb Code     2  use_no_semi.o(.text)
    __semihosting_library_function           0x08000287   Thumb Code     0  indicate_semi.o(.text)
    APP_Check_Button                         0x08000289   Thumb Code   278  app_path.o(.text.APP_Check_Button)
    APP_Check_Points                         0x080003a1   Thumb Code   246  app_path.o(.text.APP_Check_Points)
    APP_Path_Init                            0x08000499   Thumb Code    52  app_path.o(.text.APP_Path_Init)
    APP_Path_Loop                            0x080004cd   Thumb Code    90  app_path.o(.text.APP_Path_Loop)
    APP_Task1_Process                        0x08000529   Thumb Code   126  app_path.o(.text.APP_Task1_Process)
    APP_Task2_Process                        0x080005a9   Thumb Code   170  app_path.o(.text.APP_Task2_Process)
    APP_Task3_Process                        0x08000655   Thumb Code   174  app_path.o(.text.APP_Task3_Process)
    APP_Task4_Process                        0x08000705   Thumb Code   222  app_path.o(.text.APP_Task4_Process)
    BSP_Buzzer_Beep                          0x080007e5   Thumb Code   102  bsp_buzzer_led.o(.text.BSP_Buzzer_Beep)
    BSP_Init                                 0x0800084d   Thumb Code    30  bsp.o(.text.BSP_Init)
    BSP_LED_Init                             0x0800086d   Thumb Code    78  bsp_buzzer_led.o(.text.BSP_LED_Init)
    BSP_LED_Set_Color                        0x080008bd   Thumb Code   132  bsp_buzzer_led.o(.text.BSP_LED_Set_Color)
    BSP_Loop                                 0x08000941   Thumb Code    16  bsp.o(.text.BSP_Loop)
    BSP_Notify_Point                         0x08000951   Thumb Code   248  bsp_buzzer_led.o(.text.BSP_Notify_Point)
    Bsp_Tim_Init                             0x08000a49   Thumb Code   178  bsp_tim.o(.text.Bsp_Tim_Init)
    BusFault_Handler                         0x08000afd   Thumb Code     2  stm32f1xx_it.o(.text.BusFault_Handler)
    DebugMon_Handler                         0x08000b01   Thumb Code     2  stm32f1xx_it.o(.text.DebugMon_Handler)
    Encoder_Get_ALL                          0x08000b05   Thumb Code    26  bsp_encoder.o(.text.Encoder_Get_ALL)
    Encoder_Update_Count                     0x08000b21   Thumb Code   112  bsp_encoder.o(.text.Encoder_Update_Count)
    Error_Handler                            0x08000b91   Thumb Code    10  main.o(.text.Error_Handler)
    HAL_Delay                                0x08000b9d   Thumb Code    40  stm32f1xx_hal.o(.text.HAL_Delay)
    HAL_GPIO_Init                            0x08000bc5   Thumb Code   828  stm32f1xx_hal_gpio.o(.text.HAL_GPIO_Init)
    HAL_GPIO_ReadPin                         0x08000f01   Thumb Code    34  stm32f1xx_hal_gpio.o(.text.HAL_GPIO_ReadPin)
    HAL_GPIO_TogglePin                       0x08000f25   Thumb Code    42  stm32f1xx_hal_gpio.o(.text.HAL_GPIO_TogglePin)
    HAL_GPIO_WritePin                        0x08000f51   Thumb Code    68  stm32f1xx_hal_gpio.o(.text.HAL_GPIO_WritePin)
    HAL_GetTick                              0x08000f95   Thumb Code    12  stm32f1xx_hal.o(.text.HAL_GetTick)
    HAL_IncTick                              0x08000fa1   Thumb Code    26  stm32f1xx_hal.o(.text.HAL_IncTick)
    HAL_Init                                 0x08000fbd   Thumb Code    38  stm32f1xx_hal.o(.text.HAL_Init)
    HAL_InitTick                             0x08000fe5   Thumb Code    72  stm32f1xx_hal.o(.text.HAL_InitTick)
    HAL_MspInit                              0x0800102d   Thumb Code    74  stm32f1xx_hal_msp.o(.text.HAL_MspInit)
    HAL_NVIC_EnableIRQ                       0x08001079   Thumb Code    54  stm32f1xx_hal_cortex.o(.text.HAL_NVIC_EnableIRQ)
    HAL_NVIC_SetPriority                     0x080010b1   Thumb Code   128  stm32f1xx_hal_cortex.o(.text.HAL_NVIC_SetPriority)
    HAL_NVIC_SetPriorityGrouping             0x08001131   Thumb Code    56  stm32f1xx_hal_cortex.o(.text.HAL_NVIC_SetPriorityGrouping)
    HAL_RCC_ClockConfig                      0x08001169   Thumb Code   644  stm32f1xx_hal_rcc.o(.text.HAL_RCC_ClockConfig)
    HAL_RCC_OscConfig                        0x080013ed   Thumb Code  1296  stm32f1xx_hal_rcc.o(.text.HAL_RCC_OscConfig)
    HAL_SYSTICK_Config                       0x080018fd   Thumb Code    44  stm32f1xx_hal_cortex.o(.text.HAL_SYSTICK_Config)
    HAL_TIMEx_BreakCallback                  0x08001929   Thumb Code     2  stm32f1xx_hal_tim_ex.o(.text.HAL_TIMEx_BreakCallback)
    HAL_TIMEx_CommutCallback                 0x0800192d   Thumb Code     2  stm32f1xx_hal_tim_ex.o(.text.HAL_TIMEx_CommutCallback)
    HAL_TIMEx_ConfigBreakDeadTime            0x08001931   Thumb Code   386  stm32f1xx_hal_tim_ex.o(.text.HAL_TIMEx_ConfigBreakDeadTime)
    HAL_TIMEx_MasterConfigSynchronization    0x08001ab5   Thumb Code   364  stm32f1xx_hal_tim_ex.o(.text.HAL_TIMEx_MasterConfigSynchronization)
    HAL_TIM_Base_Init                        0x08001c21   Thumb Code   582  stm32f1xx_hal_tim.o(.text.HAL_TIM_Base_Init)
    HAL_TIM_Base_MspInit                     0x08001e69   Thumb Code   150  tim.o(.text.HAL_TIM_Base_MspInit)
    HAL_TIM_Base_Start_IT                    0x08001f01   Thumb Code   294  stm32f1xx_hal_tim.o(.text.HAL_TIM_Base_Start_IT)
    HAL_TIM_ConfigClockSource                0x08002029   Thumb Code  1558  stm32f1xx_hal_tim.o(.text.HAL_TIM_ConfigClockSource)
    HAL_TIM_Encoder_Init                     0x08002641   Thumb Code   958  stm32f1xx_hal_tim.o(.text.HAL_TIM_Encoder_Init)
    HAL_TIM_Encoder_MspInit                  0x08002a01   Thumb Code   472  tim.o(.text.HAL_TIM_Encoder_MspInit)
    HAL_TIM_Encoder_Start                    0x08002bd9   Thumb Code   610  stm32f1xx_hal_tim.o(.text.HAL_TIM_Encoder_Start)
    HAL_TIM_IC_CaptureCallback               0x08002e3d   Thumb Code     2  stm32f1xx_hal_tim.o(.text.HAL_TIM_IC_CaptureCallback)
    HAL_TIM_IRQHandler                       0x08002e41   Thumb Code   368  stm32f1xx_hal_tim.o(.text.HAL_TIM_IRQHandler)
    HAL_TIM_OC_DelayElapsedCallback          0x08002fb1   Thumb Code     2  stm32f1xx_hal_tim.o(.text.HAL_TIM_OC_DelayElapsedCallback)
    HAL_TIM_PWM_ConfigChannel                0x08002fb5   Thumb Code   842  stm32f1xx_hal_tim.o(.text.HAL_TIM_PWM_ConfigChannel)
    HAL_TIM_PWM_Init                         0x08003301   Thumb Code   582  stm32f1xx_hal_tim.o(.text.HAL_TIM_PWM_Init)
    HAL_TIM_PWM_MspInit                      0x08003549   Thumb Code     2  stm32f1xx_hal_tim.o(.text.HAL_TIM_PWM_MspInit)
    HAL_TIM_PWM_PulseFinishedCallback        0x0800354d   Thumb Code     2  stm32f1xx_hal_tim.o(.text.HAL_TIM_PWM_PulseFinishedCallback)
    HAL_TIM_PWM_Start                        0x08003551   Thumb Code   494  stm32f1xx_hal_tim.o(.text.HAL_TIM_PWM_Start)
    HAL_TIM_PeriodElapsedCallback            0x08003741   Thumb Code    30  bsp_tim.o(.text.HAL_TIM_PeriodElapsedCallback)
    HAL_TIM_TriggerCallback                  0x08003761   Thumb Code     2  stm32f1xx_hal_tim.o(.text.HAL_TIM_TriggerCallback)
    HardFault_Handler                        0x08003765   Thumb Code     2  stm32f1xx_it.o(.text.HardFault_Handler)
    MX_GPIO_Init                             0x08003769   Thumb Code   304  gpio.o(.text.MX_GPIO_Init)
    MX_TIM1_Init                             0x08003899   Thumb Code   486  tim.o(.text.MX_TIM1_Init)
    MX_TIM2_Init                             0x08003a81   Thumb Code   104  tim.o(.text.MX_TIM2_Init)
    MX_TIM3_Init                             0x08003ae9   Thumb Code   108  tim.o(.text.MX_TIM3_Init)
    MX_TIM4_Init                             0x08003b55   Thumb Code   108  tim.o(.text.MX_TIM4_Init)
    MX_TIM5_Init                             0x08003bc1   Thumb Code   108  tim.o(.text.MX_TIM5_Init)
    MX_TIM6_Init                             0x08003c2d   Thumb Code    82  tim.o(.text.MX_TIM6_Init)
    MX_TIM8_Init                             0x08003c81   Thumb Code   486  tim.o(.text.MX_TIM8_Init)
    MemManage_Handler                        0x08003e69   Thumb Code     2  stm32f1xx_it.o(.text.MemManage_Handler)
    Motion_Get_Speed                         0x08003e6d   Thumb Code   338  app_motor.o(.text.Motion_Get_Speed)
    Motion_Handle                            0x08003fc1   Thumb Code   188  app_motor.o(.text.Motion_Handle)
    Motion_Set_Speed                         0x0800407d   Thumb Code    94  app_motor.o(.text.Motion_Set_Speed)
    Motion_Stop                              0x080040dd   Thumb Code    96  app_motor.o(.text.Motion_Stop)
    Motor_Set_Pwm                            0x0800413d   Thumb Code   198  bsp_motor.o(.text.Motor_Set_Pwm)
    Motor_Stop                               0x08004205   Thumb Code    44  bsp_motor.o(.text.Motor_Stop)
    NMI_Handler                              0x08004231   Thumb Code     2  stm32f1xx_it.o(.text.NMI_Handler)
    PID_Calc_Motor                           0x08004235   Thumb Code    60  bsp_pid_motor.o(.text.PID_Calc_Motor)
    PID_Clear_Motor                          0x08004271   Thumb Code    94  bsp_pid_motor.o(.text.PID_Clear_Motor)
    PID_Incre_Calc                           0x080042d1   Thumb Code   160  bsp_pid_motor.o(.text.PID_Incre_Calc)
    PID_Param_Init                           0x08004371   Thumb Code   148  bsp_pid_motor.o(.text.PID_Param_Init)
    PID_Set_Motor_Target                     0x08004405   Thumb Code    48  bsp_pid_motor.o(.text.PID_Set_Motor_Target)
    PendSV_Handler                           0x08004435   Thumb Code     2  stm32f1xx_it.o(.text.PendSV_Handler)
    SVC_Handler                              0x08004439   Thumb Code     2  stm32f1xx_it.o(.text.SVC_Handler)
    SysTick_Handler                          0x0800443d   Thumb Code     4  stm32f1xx_it.o(.text.SysTick_Handler)
    SystemInit                               0x08004441   Thumb Code     2  system_stm32f1xx.o(.text.SystemInit)
    TIM6_IRQHandler                          0x08004445   Thumb Code    12  stm32f1xx_it.o(.text.TIM6_IRQHandler)
    TIM_OC2_SetConfig                        0x0800452d   Thumb Code   228  stm32f1xx_hal_tim.o(.text.TIM_OC2_SetConfig)
    UsageFault_Handler                       0x080046f5   Thumb Code     2  stm32f1xx_it.o(.text.UsageFault_Handler)
    assert_failed                            0x080046f9   Thumb Code     2  main.o(.text.assert_failed)
    car_arc_tracking                         0x080046fd   Thumb Code   272  app_irtracking.o(.text.car_arc_tracking)
    car_irtrack                              0x0800480d   Thumb Code   280  app_irtracking.o(.text.car_irtrack)
    main                                     0x08004925   Thumb Code   150  main.o(.text.main)
    set_line_speed                           0x080049bd   Thumb Code    22  app_irtracking.o(.text.set_line_speed)
    __aeabi_fadd                             0x080049d5   Thumb Code     0  faddsub_clz.o(x$fpl$fadd)
    _fadd                                    0x080049d5   Thumb Code   196  faddsub_clz.o(x$fpl$fadd)
    __aeabi_fcmpeq                           0x08004a99   Thumb Code     0  fcmp.o(x$fpl$fcmp)
    _feq                                     0x08004a99   Thumb Code    14  fcmp.o(x$fpl$fcmp)
    _fneq                                    0x08004aa7   Thumb Code    14  fcmp.o(x$fpl$fcmp)
    __aeabi_fcmpgt                           0x08004ab5   Thumb Code     0  fcmp.o(x$fpl$fcmp)
    _fgr                                     0x08004ab5   Thumb Code    14  fcmp.o(x$fpl$fcmp)
    __aeabi_fcmpge                           0x08004ac3   Thumb Code     0  fcmp.o(x$fpl$fcmp)
    _fgeq                                    0x08004ac3   Thumb Code    14  fcmp.o(x$fpl$fcmp)
    __aeabi_fcmple                           0x08004ad1   Thumb Code     0  fcmp.o(x$fpl$fcmp)
    _fleq                                    0x08004ad1   Thumb Code    14  fcmp.o(x$fpl$fcmp)
    __aeabi_fcmplt                           0x08004adf   Thumb Code     0  fcmp.o(x$fpl$fcmp)
    _fls                                     0x08004adf   Thumb Code    14  fcmp.o(x$fpl$fcmp)
    __fpl_fcmp_Inf                           0x08004aed   Thumb Code    24  fcmpi.o(x$fpl$fcmpinf)
    __aeabi_fdiv                             0x08004b05   Thumb Code     0  fdiv.o(x$fpl$fdiv)
    _fdiv                                    0x08004b05   Thumb Code   384  fdiv.o(x$fpl$fdiv)
    __aeabi_cfcmpeq                          0x08004c89   Thumb Code     0  feqf.o(x$fpl$feqf)
    _fcmpeq                                  0x08004c89   Thumb Code   104  feqf.o(x$fpl$feqf)
    __aeabi_f2iz                             0x08004cf1   Thumb Code     0  ffix.o(x$fpl$ffix)
    _ffix                                    0x08004cf1   Thumb Code    54  ffix.o(x$fpl$ffix)
    __aeabi_i2f                              0x08004d29   Thumb Code     0  fflt_clz.o(x$fpl$fflt)
    _fflt                                    0x08004d29   Thumb Code    48  fflt_clz.o(x$fpl$fflt)
    _fcmpge                                  0x08004d59   Thumb Code   104  fgeqf.o(x$fpl$fgeqf)
    __aeabi_cfcmple                          0x08004dc1   Thumb Code     0  fleqf.o(x$fpl$fleqf)
    _fcmple                                  0x08004dc1   Thumb Code   104  fleqf.o(x$fpl$fleqf)
    __fpl_fcmple_InfNaN                      0x08004e13   Thumb Code     0  fleqf.o(x$fpl$fleqf)
    __aeabi_fmul                             0x08004e29   Thumb Code     0  fmul.o(x$fpl$fmul)
    _fmul                                    0x08004e29   Thumb Code   258  fmul.o(x$fpl$fmul)
    __fpl_fnaninf                            0x08004f2b   Thumb Code   140  fnaninf.o(x$fpl$fnaninf)
    __fpl_fretinf                            0x08004fb7   Thumb Code    10  fretinf.o(x$fpl$fretinf)
    __aeabi_fsub                             0x08004fc1   Thumb Code     0  faddsub_clz.o(x$fpl$fsub)
    _fsub                                    0x08004fc1   Thumb Code   234  faddsub_clz.o(x$fpl$fsub)
    AHBPrescTable                            0x080050aa   Data          16  system_stm32f1xx.o(.rodata.AHBPrescTable)
    __I$use$fp                               0x080050aa   Number         0  usenofp.o(x$fpl$usenofp)
    Region$$Table$$Base                      0x080051ec   Number         0  anon$$obj.o(Region$$Table)
    Region$$Table$$Limit                     0x0800520c   Number         0  anon$$obj.o(Region$$Table)
    uwTickFreq                               0x20000000   Data           1  stm32f1xx_hal.o(.data..L_MergedGlobals)
    uwTickPrio                               0x20000004   Data           4  stm32f1xx_hal.o(.data..L_MergedGlobals)
    SystemCoreClock                          0x20000008   Data           4  system_stm32f1xx.o(.data.SystemCoreClock)
    g_line_speed                             0x2000000e   Data           2  app_irtracking.o(.data.g_line_speed)
    pid_Yaw                                  0x20000010   Data          28  bsp_pid_motor.o(.data.pid_Yaw)
    __libspace_start                         0x20000030   Data          96  libspace.o(.bss)
    __temporary_stack_top$libspace           0x20000090   Data           0  libspace.o(.bss)
    g_start_ctrl                             0x20000090   Data           1  app_motor.o(.bss..L_MergedGlobals)
    g_yaw_adjust                             0x20000091   Data           1  app_motor.o(.bss..L_MergedGlobals)
    car_data                                 0x200000a4   Data           6  app_motor.o(.bss..L_MergedGlobals)
    g_Encoder_All_Now                        0x200000ac   Data          16  app_motor.o(.bss..L_MergedGlobals)
    g_Encoder_All_Last                       0x200000bc   Data          16  app_motor.o(.bss..L_MergedGlobals)
    g_Encoder_All_Offset                     0x200000cc   Data          16  app_motor.o(.bss..L_MergedGlobals)
    motor_data                               0x200000dc   Data          40  app_motor.o(.bss..L_MergedGlobals)
    g_Encoder_M1_Now                         0x20000104   Data           4  bsp_encoder.o(.bss..L_MergedGlobals)
    g_Encoder_M2_Now                         0x20000108   Data           4  bsp_encoder.o(.bss..L_MergedGlobals)
    g_Encoder_M3_Now                         0x2000010c   Data           4  bsp_encoder.o(.bss..L_MergedGlobals)
    g_Encoder_M4_Now                         0x20000110   Data           4  bsp_encoder.o(.bss..L_MergedGlobals)
    g_sensor_status                          0x2000012c   Data           1  app_irtracking.o(.bss.g_sensor_status)
    htim1                                    0x20000130   Data          72  tim.o(.bss.htim1)
    htim2                                    0x20000178   Data          72  tim.o(.bss.htim2)
    htim3                                    0x200001c0   Data          72  tim.o(.bss.htim3)
    htim4                                    0x20000208   Data          72  tim.o(.bss.htim4)
    htim5                                    0x20000250   Data          72  tim.o(.bss.htim5)
    htim6                                    0x20000298   Data          72  tim.o(.bss.htim6)
    htim8                                    0x200002e0   Data          72  tim.o(.bss.htim8)
    pid_motor                                0x20000328   Data         160  bsp_pid_motor.o(.bss.pid_motor)
    uwTick                                   0x200003c8   Data           4  stm32f1xx_hal.o(.bss.uwTick)



==============================================================================

Memory Map of the image

  Image Entry point : 0x08000131

  Load Region LR_IROM1 (Base: 0x08000000, Size: 0x00005240, Max: 0x00080000, ABSOLUTE)

    Execution Region ER_IROM1 (Exec base: 0x08000000, Load base: 0x08000000, Size: 0x0000520c, Max: 0x00080000, ABSOLUTE)

    Exec Addr    Load Addr    Size         Type   Attr      Idx    E Section Name        Object

    0x08000000   0x08000000   0x00000130   Data   RO            3    RESET               startup_stm32f103xe.o
    0x08000130   0x08000130   0x00000008   Code   RO         1018  * !!!main             c_w.l(__main.o)
    0x08000138   0x08000138   0x00000034   Code   RO         1218    !!!scatter          c_w.l(__scatter.o)
    0x0800016c   0x0800016c   0x0000001a   Code   RO         1220    !!handler_copy      c_w.l(__scatter_copy.o)
    0x08000186   0x08000186   0x00000002   PAD
    0x08000188   0x08000188   0x0000001c   Code   RO         1222    !!handler_zi        c_w.l(__scatter_zi.o)
    0x080001a4   0x080001a4   0x00000002   Code   RO         1082    .ARM.Collect$$libinit$$00000000  c_w.l(libinit.o)
    0x080001a6   0x080001a6   0x00000000   Code   RO         1089    .ARM.Collect$$libinit$$00000002  c_w.l(libinit2.o)
    0x080001a6   0x080001a6   0x00000000   Code   RO         1091    .ARM.Collect$$libinit$$00000004  c_w.l(libinit2.o)
    0x080001a6   0x080001a6   0x00000000   Code   RO         1094    .ARM.Collect$$libinit$$0000000A  c_w.l(libinit2.o)
    0x080001a6   0x080001a6   0x00000000   Code   RO         1096    .ARM.Collect$$libinit$$0000000C  c_w.l(libinit2.o)
    0x080001a6   0x080001a6   0x00000000   Code   RO         1098    .ARM.Collect$$libinit$$0000000E  c_w.l(libinit2.o)
    0x080001a6   0x080001a6   0x00000000   Code   RO         1101    .ARM.Collect$$libinit$$00000011  c_w.l(libinit2.o)
    0x080001a6   0x080001a6   0x00000000   Code   RO         1103    .ARM.Collect$$libinit$$00000013  c_w.l(libinit2.o)
    0x080001a6   0x080001a6   0x00000000   Code   RO         1105    .ARM.Collect$$libinit$$00000015  c_w.l(libinit2.o)
    0x080001a6   0x080001a6   0x00000000   Code   RO         1107    .ARM.Collect$$libinit$$00000017  c_w.l(libinit2.o)
    0x080001a6   0x080001a6   0x00000000   Code   RO         1109    .ARM.Collect$$libinit$$00000019  c_w.l(libinit2.o)
    0x080001a6   0x080001a6   0x00000000   Code   RO         1111    .ARM.Collect$$libinit$$0000001B  c_w.l(libinit2.o)
    0x080001a6   0x080001a6   0x00000000   Code   RO         1113    .ARM.Collect$$libinit$$0000001D  c_w.l(libinit2.o)
    0x080001a6   0x080001a6   0x00000000   Code   RO         1115    .ARM.Collect$$libinit$$0000001F  c_w.l(libinit2.o)
    0x080001a6   0x080001a6   0x00000000   Code   RO         1117    .ARM.Collect$$libinit$$00000021  c_w.l(libinit2.o)
    0x080001a6   0x080001a6   0x00000000   Code   RO         1119    .ARM.Collect$$libinit$$00000023  c_w.l(libinit2.o)
    0x080001a6   0x080001a6   0x00000000   Code   RO         1121    .ARM.Collect$$libinit$$00000025  c_w.l(libinit2.o)
    0x080001a6   0x080001a6   0x00000000   Code   RO         1125    .ARM.Collect$$libinit$$0000002C  c_w.l(libinit2.o)
    0x080001a6   0x080001a6   0x00000000   Code   RO         1127    .ARM.Collect$$libinit$$0000002E  c_w.l(libinit2.o)
    0x080001a6   0x080001a6   0x00000000   Code   RO         1129    .ARM.Collect$$libinit$$00000030  c_w.l(libinit2.o)
    0x080001a6   0x080001a6   0x00000000   Code   RO         1131    .ARM.Collect$$libinit$$00000032  c_w.l(libinit2.o)
    0x080001a6   0x080001a6   0x00000002   Code   RO         1132    .ARM.Collect$$libinit$$00000033  c_w.l(libinit2.o)
    0x080001a8   0x080001a8   0x00000002   Code   RO         1154    .ARM.Collect$$libshutdown$$00000000  c_w.l(libshutdown.o)
    0x080001aa   0x080001aa   0x00000000   Code   RO         1169    .ARM.Collect$$libshutdown$$00000002  c_w.l(libshutdown2.o)
    0x080001aa   0x080001aa   0x00000000   Code   RO         1171    .ARM.Collect$$libshutdown$$00000004  c_w.l(libshutdown2.o)
    0x080001aa   0x080001aa   0x00000000   Code   RO         1174    .ARM.Collect$$libshutdown$$00000007  c_w.l(libshutdown2.o)
    0x080001aa   0x080001aa   0x00000000   Code   RO         1177    .ARM.Collect$$libshutdown$$0000000A  c_w.l(libshutdown2.o)
    0x080001aa   0x080001aa   0x00000000   Code   RO         1179    .ARM.Collect$$libshutdown$$0000000C  c_w.l(libshutdown2.o)
    0x080001aa   0x080001aa   0x00000000   Code   RO         1182    .ARM.Collect$$libshutdown$$0000000F  c_w.l(libshutdown2.o)
    0x080001aa   0x080001aa   0x00000002   Code   RO         1183    .ARM.Collect$$libshutdown$$00000010  c_w.l(libshutdown2.o)
    0x080001ac   0x080001ac   0x00000000   Code   RO         1044    .ARM.Collect$$rtentry$$00000000  c_w.l(__rtentry.o)
    0x080001ac   0x080001ac   0x00000000   Code   RO         1057    .ARM.Collect$$rtentry$$00000002  c_w.l(__rtentry2.o)
    0x080001ac   0x080001ac   0x00000006   Code   RO         1069    .ARM.Collect$$rtentry$$00000004  c_w.l(__rtentry4.o)
    0x080001b2   0x080001b2   0x00000000   Code   RO         1059    .ARM.Collect$$rtentry$$00000009  c_w.l(__rtentry2.o)
    0x080001b2   0x080001b2   0x00000004   Code   RO         1060    .ARM.Collect$$rtentry$$0000000A  c_w.l(__rtentry2.o)
    0x080001b6   0x080001b6   0x00000000   Code   RO         1062    .ARM.Collect$$rtentry$$0000000C  c_w.l(__rtentry2.o)
    0x080001b6   0x080001b6   0x00000008   Code   RO         1063    .ARM.Collect$$rtentry$$0000000D  c_w.l(__rtentry2.o)
    0x080001be   0x080001be   0x00000002   Code   RO         1086    .ARM.Collect$$rtexit$$00000000  c_w.l(rtexit.o)
    0x080001c0   0x080001c0   0x00000000   Code   RO         1134    .ARM.Collect$$rtexit$$00000002  c_w.l(rtexit2.o)
    0x080001c0   0x080001c0   0x00000004   Code   RO         1135    .ARM.Collect$$rtexit$$00000003  c_w.l(rtexit2.o)
    0x080001c4   0x080001c4   0x00000006   Code   RO         1136    .ARM.Collect$$rtexit$$00000004  c_w.l(rtexit2.o)
    0x080001ca   0x080001ca   0x00000002   PAD
    0x080001cc   0x080001cc   0x00000040   Code   RO            4    .text               startup_stm32f103xe.o
    0x0800020c   0x0800020c   0x00000006   Code   RO         1016    .text               c_w.l(heapauxi.o)
    0x08000212   0x08000212   0x0000004a   Code   RO         1073    .text               c_w.l(sys_stackheap_outer.o)
    0x0800025c   0x0800025c   0x00000012   Code   RO         1075    .text               c_w.l(exit.o)
    0x0800026e   0x0800026e   0x00000002   PAD
    0x08000270   0x08000270   0x00000008   Code   RO         1083    .text               c_w.l(libspace.o)
    0x08000278   0x08000278   0x0000000c   Code   RO         1144    .text               c_w.l(sys_exit.o)
    0x08000284   0x08000284   0x00000002   Code   RO         1159    .text               c_w.l(use_no_semi.o)
    0x08000286   0x08000286   0x00000000   Code   RO         1161    .text               c_w.l(indicate_semi.o)
    0x08000286   0x08000286   0x00000002   PAD
    0x08000288   0x08000288   0x00000116   Code   RO          968    .text.APP_Check_Button  app_path.o
    0x0800039e   0x0800039e   0x00000002   PAD
    0x080003a0   0x080003a0   0x000000f6   Code   RO          978    .text.APP_Check_Points  app_path.o
    0x08000496   0x08000496   0x00000002   PAD
    0x08000498   0x08000498   0x00000034   Code   RO          964    .text.APP_Path_Init  app_path.o
    0x080004cc   0x080004cc   0x0000005a   Code   RO          966    .text.APP_Path_Loop  app_path.o
    0x08000526   0x08000526   0x00000002   PAD
    0x08000528   0x08000528   0x0000007e   Code   RO          970    .text.APP_Task1_Process  app_path.o
    0x080005a6   0x080005a6   0x00000002   PAD
    0x080005a8   0x080005a8   0x000000aa   Code   RO          972    .text.APP_Task2_Process  app_path.o
    0x08000652   0x08000652   0x00000002   PAD
    0x08000654   0x08000654   0x000000ae   Code   RO          974    .text.APP_Task3_Process  app_path.o
    0x08000702   0x08000702   0x00000002   PAD
    0x08000704   0x08000704   0x000000de   Code   RO          976    .text.APP_Task4_Process  app_path.o
    0x080007e2   0x080007e2   0x00000002   PAD
    0x080007e4   0x080007e4   0x00000066   Code   RO         1002    .text.BSP_Buzzer_Beep  bsp_buzzer_led.o
    0x0800084a   0x0800084a   0x00000002   PAD
    0x0800084c   0x0800084c   0x0000001e   Code   RO          873    .text.BSP_Init      bsp.o
    0x0800086a   0x0800086a   0x00000002   PAD
    0x0800086c   0x0800086c   0x0000004e   Code   RO          994    .text.BSP_LED_Init  bsp_buzzer_led.o
    0x080008ba   0x080008ba   0x00000002   PAD
    0x080008bc   0x080008bc   0x00000084   Code   RO         1000    .text.BSP_LED_Set_Color  bsp_buzzer_led.o
    0x08000940   0x08000940   0x00000010   Code   RO          875    .text.BSP_Loop      bsp.o
    0x08000950   0x08000950   0x000000f8   Code   RO         1004    .text.BSP_Notify_Point  bsp_buzzer_led.o
    0x08000a48   0x08000a48   0x000000b2   Code   RO          952    .text.Bsp_Tim_Init  bsp_tim.o
    0x08000afa   0x08000afa   0x00000002   PAD
    0x08000afc   0x08000afc   0x00000002   Code   RO           81    .text.BusFault_Handler  stm32f1xx_it.o
    0x08000afe   0x08000afe   0x00000002   PAD
    0x08000b00   0x08000b00   0x00000002   Code   RO           87    .text.DebugMon_Handler  stm32f1xx_it.o
    0x08000b02   0x08000b02   0x00000002   PAD
    0x08000b04   0x08000b04   0x0000001a   Code   RO          886    .text.Encoder_Get_ALL  bsp_encoder.o
    0x08000b1e   0x08000b1e   0x00000002   PAD
    0x08000b20   0x08000b20   0x00000070   Code   RO          888    .text.Encoder_Update_Count  bsp_encoder.o
    0x08000b90   0x08000b90   0x0000000a   Code   RO           15    .text.Error_Handler  main.o
    0x08000b9a   0x08000b9a   0x00000002   PAD
    0x08000b9c   0x08000b9c   0x00000028   Code   RO          471    .text.HAL_Delay     stm32f1xx_hal.o
    0x08000bc4   0x08000bc4   0x0000033c   Code   RO          565    .text.HAL_GPIO_Init  stm32f1xx_hal_gpio.o
    0x08000f00   0x08000f00   0x00000022   Code   RO          569    .text.HAL_GPIO_ReadPin  stm32f1xx_hal_gpio.o
    0x08000f22   0x08000f22   0x00000002   PAD
    0x08000f24   0x08000f24   0x0000002a   Code   RO          573    .text.HAL_GPIO_TogglePin  stm32f1xx_hal_gpio.o
    0x08000f4e   0x08000f4e   0x00000002   PAD
    0x08000f50   0x08000f50   0x00000044   Code   RO          571    .text.HAL_GPIO_WritePin  stm32f1xx_hal_gpio.o
    0x08000f94   0x08000f94   0x0000000c   Code   RO          463    .text.HAL_GetTick   stm32f1xx_hal.o
    0x08000fa0   0x08000fa0   0x0000001a   Code   RO          461    .text.HAL_IncTick   stm32f1xx_hal.o
    0x08000fba   0x08000fba   0x00000002   PAD
    0x08000fbc   0x08000fbc   0x00000026   Code   RO          451    .text.HAL_Init      stm32f1xx_hal.o
    0x08000fe2   0x08000fe2   0x00000002   PAD
    0x08000fe4   0x08000fe4   0x00000048   Code   RO          453    .text.HAL_InitTick  stm32f1xx_hal.o
    0x0800102c   0x0800102c   0x0000004a   Code   RO          102    .text.HAL_MspInit   stm32f1xx_hal_msp.o
    0x08001076   0x08001076   0x00000002   PAD
    0x08001078   0x08001078   0x00000036   Code   RO          627    .text.HAL_NVIC_EnableIRQ  stm32f1xx_hal_cortex.o
    0x080010ae   0x080010ae   0x00000002   PAD
    0x080010b0   0x080010b0   0x00000080   Code   RO          625    .text.HAL_NVIC_SetPriority  stm32f1xx_hal_cortex.o
    0x08001130   0x08001130   0x00000038   Code   RO          623    .text.HAL_NVIC_SetPriorityGrouping  stm32f1xx_hal_cortex.o
    0x08001168   0x08001168   0x00000284   Code   RO          515    .text.HAL_RCC_ClockConfig  stm32f1xx_hal_rcc.o
    0x080013ec   0x080013ec   0x00000510   Code   RO          513    .text.HAL_RCC_OscConfig  stm32f1xx_hal_rcc.o
    0x080018fc   0x080018fc   0x0000002c   Code   RO          635    .text.HAL_SYSTICK_Config  stm32f1xx_hal_cortex.o
    0x08001928   0x08001928   0x00000002   Code   RO          436    .text.HAL_TIMEx_BreakCallback  stm32f1xx_hal_tim_ex.o
    0x0800192a   0x0800192a   0x00000002   PAD
    0x0800192c   0x0800192c   0x00000002   Code   RO          432    .text.HAL_TIMEx_CommutCallback  stm32f1xx_hal_tim_ex.o
    0x0800192e   0x0800192e   0x00000002   PAD
    0x08001930   0x08001930   0x00000182   Code   RO          428    .text.HAL_TIMEx_ConfigBreakDeadTime  stm32f1xx_hal_tim_ex.o
    0x08001ab2   0x08001ab2   0x00000002   PAD
    0x08001ab4   0x08001ab4   0x0000016c   Code   RO          426    .text.HAL_TIMEx_MasterConfigSynchronization  stm32f1xx_hal_tim_ex.o
    0x08001c20   0x08001c20   0x00000246   Code   RO          126    .text.HAL_TIM_Base_Init  stm32f1xx_hal_tim.o
    0x08001e66   0x08001e66   0x00000002   PAD
    0x08001e68   0x08001e68   0x00000096   Code   RO           52    .text.HAL_TIM_Base_MspInit  tim.o
    0x08001efe   0x08001efe   0x00000002   PAD
    0x08001f00   0x08001f00   0x00000126   Code   RO          140    .text.HAL_TIM_Base_Start_IT  stm32f1xx_hal_tim.o
    0x08002026   0x08002026   0x00000002   PAD
    0x08002028   0x08002028   0x00000616   Code   RO          310    .text.HAL_TIM_ConfigClockSource  stm32f1xx_hal_tim.o
    0x0800263e   0x0800263e   0x00000002   PAD
    0x08002640   0x08002640   0x000003be   Code   RO          240    .text.HAL_TIM_Encoder_Init  stm32f1xx_hal_tim.o
    0x080029fe   0x080029fe   0x00000002   PAD
    0x08002a00   0x08002a00   0x000001d8   Code   RO           54    .text.HAL_TIM_Encoder_MspInit  tim.o
    0x08002bd8   0x08002bd8   0x00000262   Code   RO          248    .text.HAL_TIM_Encoder_Start  stm32f1xx_hal_tim.o
    0x08002e3a   0x08002e3a   0x00000002   PAD
    0x08002e3c   0x08002e3c   0x00000002   Code   RO          262    .text.HAL_TIM_IC_CaptureCallback  stm32f1xx_hal_tim.o
    0x08002e3e   0x08002e3e   0x00000002   PAD
    0x08002e40   0x08002e40   0x00000170   Code   RO          260    .text.HAL_TIM_IRQHandler  stm32f1xx_hal_tim.o
    0x08002fb0   0x08002fb0   0x00000002   Code   RO          264    .text.HAL_TIM_OC_DelayElapsedCallback  stm32f1xx_hal_tim.o
    0x08002fb2   0x08002fb2   0x00000002   PAD
    0x08002fb4   0x08002fb4   0x0000034a   Code   RO          284    .text.HAL_TIM_PWM_ConfigChannel  stm32f1xx_hal_tim.o
    0x080032fe   0x080032fe   0x00000002   PAD
    0x08003300   0x08003300   0x00000246   Code   RO          180    .text.HAL_TIM_PWM_Init  stm32f1xx_hal_tim.o
    0x08003546   0x08003546   0x00000002   PAD
    0x08003548   0x08003548   0x00000002   Code   RO          182    .text.HAL_TIM_PWM_MspInit  stm32f1xx_hal_tim.o
    0x0800354a   0x0800354a   0x00000002   PAD
    0x0800354c   0x0800354c   0x00000002   Code   RO          266    .text.HAL_TIM_PWM_PulseFinishedCallback  stm32f1xx_hal_tim.o
    0x0800354e   0x0800354e   0x00000002   PAD
    0x08003550   0x08003550   0x000001ee   Code   RO          188    .text.HAL_TIM_PWM_Start  stm32f1xx_hal_tim.o
    0x0800373e   0x0800373e   0x00000002   PAD
    0x08003740   0x08003740   0x0000001e   Code   RO          954    .text.HAL_TIM_PeriodElapsedCallback  bsp_tim.o
    0x0800375e   0x0800375e   0x00000002   PAD
    0x08003760   0x08003760   0x00000002   Code   RO          270    .text.HAL_TIM_TriggerCallback  stm32f1xx_hal_tim.o
    0x08003762   0x08003762   0x00000002   PAD
    0x08003764   0x08003764   0x00000002   Code   RO           77    .text.HardFault_Handler  stm32f1xx_it.o
    0x08003766   0x08003766   0x00000002   PAD
    0x08003768   0x08003768   0x00000130   Code   RO           27    .text.MX_GPIO_Init  gpio.o
    0x08003898   0x08003898   0x000001e6   Code   RO           36    .text.MX_TIM1_Init  tim.o
    0x08003a7e   0x08003a7e   0x00000002   PAD
    0x08003a80   0x08003a80   0x00000068   Code   RO           40    .text.MX_TIM2_Init  tim.o
    0x08003ae8   0x08003ae8   0x0000006c   Code   RO           42    .text.MX_TIM3_Init  tim.o
    0x08003b54   0x08003b54   0x0000006c   Code   RO           44    .text.MX_TIM4_Init  tim.o
    0x08003bc0   0x08003bc0   0x0000006c   Code   RO           46    .text.MX_TIM5_Init  tim.o
    0x08003c2c   0x08003c2c   0x00000052   Code   RO           48    .text.MX_TIM6_Init  tim.o
    0x08003c7e   0x08003c7e   0x00000002   PAD
    0x08003c80   0x08003c80   0x000001e6   Code   RO           50    .text.MX_TIM8_Init  tim.o
    0x08003e66   0x08003e66   0x00000002   PAD
    0x08003e68   0x08003e68   0x00000002   Code   RO           79    .text.MemManage_Handler  stm32f1xx_it.o
    0x08003e6a   0x08003e6a   0x00000002   PAD
    0x08003e6c   0x08003e6c   0x00000152   Code   RO          844    .text.Motion_Get_Speed  app_motor.o
    0x08003fbe   0x08003fbe   0x00000002   PAD
    0x08003fc0   0x08003fc0   0x000000bc   Code   RO          862    .text.Motion_Handle  app_motor.o
    0x0800407c   0x0800407c   0x0000005e   Code   RO          838    .text.Motion_Set_Speed  app_motor.o
    0x080040da   0x080040da   0x00000002   PAD
    0x080040dc   0x080040dc   0x00000060   Code   RO          836    .text.Motion_Stop   app_motor.o
    0x0800413c   0x0800413c   0x000000c6   Code   RO          902    .text.Motor_Set_Pwm  bsp_motor.o
    0x08004202   0x08004202   0x00000002   PAD
    0x08004204   0x08004204   0x0000002c   Code   RO          900    .text.Motor_Stop    bsp_motor.o
    0x08004230   0x08004230   0x00000002   Code   RO           75    .text.NMI_Handler   stm32f1xx_it.o
    0x08004232   0x08004232   0x00000002   PAD
    0x08004234   0x08004234   0x0000003c   Code   RO          924    .text.PID_Calc_Motor  bsp_pid_motor.o
    0x08004270   0x08004270   0x0000005e   Code   RO          930    .text.PID_Clear_Motor  bsp_pid_motor.o
    0x080042ce   0x080042ce   0x00000002   PAD
    0x080042d0   0x080042d0   0x000000a0   Code   RO          920    .text.PID_Incre_Calc  bsp_pid_motor.o
    0x08004370   0x08004370   0x00000094   Code   RO          912    .text.PID_Param_Init  bsp_pid_motor.o
    0x08004404   0x08004404   0x00000030   Code   RO          932    .text.PID_Set_Motor_Target  bsp_pid_motor.o
    0x08004434   0x08004434   0x00000002   Code   RO           89    .text.PendSV_Handler  stm32f1xx_it.o
    0x08004436   0x08004436   0x00000002   PAD
    0x08004438   0x08004438   0x00000002   Code   RO           85    .text.SVC_Handler   stm32f1xx_it.o
    0x0800443a   0x0800443a   0x00000002   PAD
    0x0800443c   0x0800443c   0x00000004   Code   RO           91    .text.SysTick_Handler  stm32f1xx_it.o
    0x08004440   0x08004440   0x00000002   Code   RO          793    .text.SystemInit    system_stm32f1xx.o
    0x08004442   0x08004442   0x00000002   PAD
    0x08004444   0x08004444   0x0000000c   Code   RO           93    .text.TIM6_IRQHandler  stm32f1xx_it.o
    0x08004450   0x08004450   0x000000dc   Code   RO          274    .text.TIM_OC1_SetConfig  stm32f1xx_hal_tim.o
    0x0800452c   0x0800452c   0x000000e4   Code   RO          276    .text.TIM_OC2_SetConfig  stm32f1xx_hal_tim.o
    0x08004610   0x08004610   0x000000e4   Code   RO          278    .text.TIM_OC3_SetConfig  stm32f1xx_hal_tim.o
    0x080046f4   0x080046f4   0x00000002   Code   RO           83    .text.UsageFault_Handler  stm32f1xx_it.o
    0x080046f6   0x080046f6   0x00000002   PAD
    0x080046f8   0x080046f8   0x00000002   Code   RO           17    .text.assert_failed  main.o
    0x080046fa   0x080046fa   0x00000002   PAD
    0x080046fc   0x080046fc   0x00000110   Code   RO          814    .text.car_arc_tracking  app_irtracking.o
    0x0800480c   0x0800480c   0x00000118   Code   RO          812    .text.car_irtrack   app_irtracking.o
    0x08004924   0x08004924   0x00000096   Code   RO           11    .text.main          main.o
    0x080049ba   0x080049ba   0x00000002   PAD
    0x080049bc   0x080049bc   0x00000016   Code   RO          808    .text.set_line_speed  app_irtracking.o
    0x080049d2   0x080049d2   0x00000002   PAD
    0x080049d4   0x080049d4   0x000000c4   Code   RO         1020    x$fpl$fadd          fz_ws.l(faddsub_clz.o)
    0x08004a98   0x08004a98   0x00000054   Code   RO         1026    x$fpl$fcmp          fz_ws.l(fcmp.o)
    0x08004aec   0x08004aec   0x00000018   Code   RO         1071    x$fpl$fcmpinf       fz_ws.l(fcmpi.o)
    0x08004b04   0x08004b04   0x00000184   Code   RO         1029    x$fpl$fdiv          fz_ws.l(fdiv.o)
    0x08004c88   0x08004c88   0x00000068   Code   RO         1045    x$fpl$feqf          fz_ws.l(feqf.o)
    0x08004cf0   0x08004cf0   0x00000036   Code   RO         1032    x$fpl$ffix          fz_ws.l(ffix.o)
    0x08004d26   0x08004d26   0x00000002   PAD
    0x08004d28   0x08004d28   0x00000030   Code   RO         1037    x$fpl$fflt          fz_ws.l(fflt_clz.o)
    0x08004d58   0x08004d58   0x00000068   Code   RO         1047    x$fpl$fgeqf         fz_ws.l(fgeqf.o)
    0x08004dc0   0x08004dc0   0x00000068   Code   RO         1049    x$fpl$fleqf         fz_ws.l(fleqf.o)
    0x08004e28   0x08004e28   0x00000102   Code   RO         1042    x$fpl$fmul          fz_ws.l(fmul.o)
    0x08004f2a   0x08004f2a   0x0000008c   Code   RO         1051    x$fpl$fnaninf       fz_ws.l(fnaninf.o)
    0x08004fb6   0x08004fb6   0x0000000a   Code   RO         1053    x$fpl$fretinf       fz_ws.l(fretinf.o)
    0x08004fc0   0x08004fc0   0x000000ea   Code   RO         1022    x$fpl$fsub          fz_ws.l(faddsub_clz.o)
    0x080050aa   0x080050aa   0x00000000   Code   RO         1055    x$fpl$usenofp       fz_ws.l(usenofp.o)
    0x080050aa   0x080050aa   0x00000010   Data   RO          798    .rodata.AHBPrescTable  system_stm32f1xx.o
    0x080050ba   0x080050ba   0x00000002   Data   RO          541    .rodata.HAL_RCC_GetSysClockFreq.aPredivFactorTable  stm32f1xx_hal_rcc.o
    0x080050bc   0x080050bc   0x00000010   Data   RO          540    .rodata.cst16       stm32f1xx_hal_rcc.o
    0x080050cc   0x080050cc   0x00000038   Data   RO          350    .rodata.str1.1      stm32f1xx_hal_tim.o
    0x08005104   0x08005104   0x0000003b   Data   RO          442    .rodata.str1.1      stm32f1xx_hal_tim_ex.o
    0x0800513f   0x0800513f   0x00000038   Data   RO          539    .rodata.str1.1      stm32f1xx_hal_rcc.o
    0x08005177   0x08005177   0x00000039   Data   RO          581    .rodata.str1.1      stm32f1xx_hal_gpio.o
    0x080051b0   0x080051b0   0x0000003b   Data   RO          655    .rodata.str1.1      stm32f1xx_hal_cortex.o
    0x080051eb   0x080051eb   0x00000001   PAD
    0x080051ec   0x080051ec   0x00000020   Data   RO         1217    Region$$Table       anon$$obj.o


    Execution Region RW_IRAM1 (Exec base: 0x20000000, Load base: 0x08005210, Size: 0x000009d0, Max: 0x00010000, ABSOLUTE)

    Exec Addr    Load Addr    Size         Type   Attr      Idx    E Section Name        Object

    0x20000000   0x08005210   0x00000008   Data   RW          502    .data..L_MergedGlobals  stm32f1xx_hal.o
    0x20000008   0x08005218   0x00000004   Data   RW          797    .data.SystemCoreClock  system_stm32f1xx.o
    0x2000000c   0x0800521c   0x00000001   Data   RW          984    .data.current_point  app_path.o
    0x2000000d   0x0800521d   0x00000001   PAD
    0x2000000e   0x0800521e   0x00000002   Data   RW          817    .data.g_line_speed  app_irtracking.o
    0x20000010   0x08005220   0x0000001c   Data   RW          942    .data.pid_Yaw       bsp_pid_motor.o
    0x2000002c   0x0800523c   0x00000004   PAD
    0x20000030        -       0x00000060   Zero   RW         1084    .bss                c_w.l(libspace.o)
    0x20000090        -       0x00000074   Zero   RW          864    .bss..L_MergedGlobals  app_motor.o
    0x20000104        -       0x00000010   Zero   RW          890    .bss..L_MergedGlobals  bsp_encoder.o
    0x20000114        -       0x0000000c   Zero   RW          985    .bss..L_MergedGlobals  app_path.o
    0x20000120        -       0x0000000c   Zero   RW         1006    .bss..L_MergedGlobals  bsp_buzzer_led.o
    0x2000012c        -       0x00000001   Zero   RW          816    .bss.g_sensor_status  app_irtracking.o
    0x2000012d   0x0800523c   0x00000003   PAD
    0x20000130        -       0x00000048   Zero   RW           60    .bss.htim1          tim.o
    0x20000178        -       0x00000048   Zero   RW           61    .bss.htim2          tim.o
    0x200001c0        -       0x00000048   Zero   RW           62    .bss.htim3          tim.o
    0x20000208        -       0x00000048   Zero   RW           63    .bss.htim4          tim.o
    0x20000250        -       0x00000048   Zero   RW           64    .bss.htim5          tim.o
    0x20000298        -       0x00000048   Zero   RW           65    .bss.htim6          tim.o
    0x200002e0        -       0x00000048   Zero   RW           66    .bss.htim8          tim.o
    0x20000328        -       0x000000a0   Zero   RW          943    .bss.pid_motor      bsp_pid_motor.o
    0x200003c8        -       0x00000004   Zero   RW          501    .bss.uwTick         stm32f1xx_hal.o
    0x200003cc   0x0800523c   0x00000004   PAD
    0x200003d0        -       0x00000200   Zero   RW            2    HEAP                startup_stm32f103xe.o
    0x200005d0        -       0x00000400   Zero   RW            1    STACK               startup_stm32f103xe.o


==============================================================================

Image component sizes


      Code (inc. data)   RO Data    RW Data    ZI Data      Debug   Object Name

       574         48          0          2          1       2965   app_irtracking.o
       716          0          0          0        116      10784   app_motor.o
      1358         24          0          1         12       4572   app_path.o
        46          0          0          0          0        665   bsp.o
       560          0          0          0         12       2886   bsp_buzzer_led.o
       138          0          0          0         16       2358   bsp_encoder.o
       242          6          0          0          0       1857   bsp_motor.o
       510          0          0         28        160       5206   bsp_pid_motor.o
       208          0          0          0          0       3884   bsp_tim.o
       304          0          0          0          0       1739   gpio.o
       162          0          0          0          0       2135   main.o
        64         26        304          0       1536        828   startup_stm32f103xe.o
       188          0          0          8          4       6151   stm32f1xx_hal.o
       282          0         59          0          0       9181   stm32f1xx_hal_cortex.o
       972         20         57          0          0       5355   stm32f1xx_hal_gpio.o
        74          0          0          0          0       1277   stm32f1xx_hal_msp.o
      1940          0         74          0          0       8053   stm32f1xx_hal_rcc.o
      6974          4         56          0          0      69110   stm32f1xx_hal_tim.o
       754          0         59          0          0      20982   stm32f1xx_hal_tim_ex.o
        32          0          0          0          0       4168   stm32f1xx_it.o
         2          0         16          4          0       1663   system_stm32f1xx.o
      2104          6          0          0        504      11360   tim.o

    ----------------------------------------------------------------------
     18316        134        658         44       2372     177179   Object Totals
         0          0         32          0          0          0   (incl. Generated)
       112          0          1          1         11          0   (incl. Padding)

    ----------------------------------------------------------------------

      Code (inc. data)   RO Data    RW Data    ZI Data      Debug   Library Member Name

         8          0          0          0          0         68   __main.o
         0          0          0          0          0          0   __rtentry.o
        12          0          0          0          0          0   __rtentry2.o
         6          0          0          0          0          0   __rtentry4.o
        52          8          0          0          0          0   __scatter.o
        26          0          0          0          0          0   __scatter_copy.o
        28          0          0          0          0          0   __scatter_zi.o
        18          0          0          0          0         80   exit.o
         6          0          0          0          0        152   heapauxi.o
         0          0          0          0          0          0   indicate_semi.o
         2          0          0          0          0          0   libinit.o
         2          0          0          0          0          0   libinit2.o
         2          0          0          0          0          0   libshutdown.o
         2          0          0          0          0          0   libshutdown2.o
         8          4          0          0         96         68   libspace.o
         2          0          0          0          0          0   rtexit.o
        10          0          0          0          0          0   rtexit2.o
        12          4          0          0          0         68   sys_exit.o
        74          0          0          0          0         80   sys_stackheap_outer.o
         2          0          0          0          0         68   use_no_semi.o
       430          8          0          0          0        168   faddsub_clz.o
        84          0          0          0          0        196   fcmp.o
        24          0          0          0          0         68   fcmpi.o
       388         76          0          0          0         96   fdiv.o
       104          4          0          0          0         84   feqf.o
        54          4          0          0          0         84   ffix.o
        48          0          0          0          0         68   fflt_clz.o
       104          4          0          0          0         84   fgeqf.o
       104          4          0          0          0         84   fleqf.o
       258          4          0          0          0         84   fmul.o
       140          4          0          0          0         84   fnaninf.o
        10          0          0          0          0         68   fretinf.o
         0          0          0          0          0          0   usenofp.o

    ----------------------------------------------------------------------
      2030        124          0          0         96       1752   Library Totals
        10          0          0          0          0          0   (incl. Padding)

    ----------------------------------------------------------------------

      Code (inc. data)   RO Data    RW Data    ZI Data      Debug   Library Name

       272         16          0          0         96        584   c_w.l
      1748        108          0          0          0       1168   fz_ws.l

    ----------------------------------------------------------------------
      2030        124          0          0         96       1752   Library Totals

    ----------------------------------------------------------------------

==============================================================================


      Code (inc. data)   RO Data    RW Data    ZI Data      Debug   

     20346        258        658         44       2468     177747   Grand Totals
     20346        258        658         44       2468     177747   ELF Image Totals
     20346        258        658         44          0          0   ROM Totals

==============================================================================

    Total RO  Size (Code + RO Data)                21004 (  20.51kB)
    Total RW  Size (RW Data + ZI Data)              2512 (   2.45kB)
    Total ROM Size (Code + RO Data + RW Data)      21048 (  20.55kB)

==============================================================================

