<html>
<body>
<pre>
<h1>µVision Build Log</h1>
<h2>Tool Versions:</h2>
IDE-Version: ¦ÌVision V5.38.0.0
Copyright (C) 2022 ARM Ltd and ARM Germany GmbH. All rights reserved.
License Information: cui zhixing, bupt, LIC=GMZI6-D8PJR-8T53P-MRXHD-6UJXS-HD4YF
 
Tool Versions:
Toolchain:       MDK-ARM Plus  Version: <unknown>
Toolchain Path:  D:\keil5\core\ARM\ARMCLANG\bin\
C Compiler:      ArmClang.exe V6.16
Assembler:       Armasm.exe V6.16
Linker/Locator:  ArmLink.exe V6.16
Library Manager: ArmAr.exe V6.16
Hex Converter:   FromElf.exe V6.16
CPU DLL:         SARMCM3.DLL
Dialog DLL:      DCM.DLL
    Target DLL: ULP2CM3.DLL
Dialog DLL:      TCM.DLL
 
<h2>Project:</h2>
C:\Users\´ÞÖ®ÐÐ\Desktop\STM32CAR\stm32_car\3.Smart_Car_Course\1.car_tracking\car_tracking\MDK-ARM\car_tracking.uvprojx
Project File Date:  05/15/2025

<h2>Output:</h2>
*** Using Compiler 'V6.16', folder: 'D:\keil5\core\ARM\ARMCLANG\bin\'
Rebuild target 'car_tracking'
compiling main.c...
compiling gpio.c...
compiling stm32f1xx_hal_cortex.c...
compiling stm32f1xx_hal_gpio_ex.c...
compiling stm32f1xx_it.c...
compiling tim.c...
assembling startup_stm32f103xe.s...
compiling stm32f1xx_hal_msp.c...
compiling stm32f1xx_hal.c...
compiling stm32f1xx_hal_rcc_ex.c...
compiling stm32f1xx_hal_pwr.c...
compiling stm32f1xx_hal_gpio.c...
compiling stm32f1xx_hal_flash.c...
compiling stm32f1xx_hal_rcc.c...
compiling stm32f1xx_hal_dma.c...
compiling stm32f1xx_hal_flash_ex.c...
compiling stm32f1xx_hal_exti.c...
compiling system_stm32f1xx.c...
compiling stm32f1xx_hal_tim_ex.c...
compiling app_irtracking.c...
compiling bsp.c...
compiling bsp_encoder.c...
compiling bsp_irtracking.c...
compiling app_motor.c...
compiling bsp_motor.c...
compiling bsp_tim.c...
compiling bsp_PID_motor.c...
compiling bsp_buzzer_led.c...
compiling app_path.c...
compiling stm32f1xx_hal_tim.c...
linking...
Program Size: Code=21270 RO-data=658 RW-data=44 ZI-data=2500  
FromELF: creating hex file...
"car_tracking\car_tracking.axf" - 0 Error(s), 0 Warning(s).

<h2>Software Packages used:</h2>

Package Vendor: ARM
                https://www.keil.com/pack/ARM.CMSIS.6.1.0.pack
                ARM.CMSIS.6.1.0
                CMSIS (Common Microcontroller Software Interface Standard)
   * Component: CORE Version: 6.1.0

Package Vendor: Keil
                https://www.keil.com/pack/Keil.STM32F1xx_DFP.2.4.1.pack
                Keil.STM32F1xx_DFP.2.4.1
                STMicroelectronics STM32F1 Series Device Support, Drivers and Examples

<h2>Collection of Component include folders:</h2>
  ./RTE/_car_tracking
  D:/stm32/ARM/CMSIS/6.1.0/CMSIS/Core/Include
  D:/stm32/Keil/STM32F1xx_DFP/2.4.1/Device/Include

<h2>Collection of Component Files used:</h2>

   * Component: ARM::CMSIS:CORE:6.1.0
      Include file:  CMSIS/Core/Include/tz_context.h
Build Time Elapsed:  00:00:01
</pre>
</body>
</html>
